#
# There is insufficient memory for the Java Runtime Environment to continue.
# Native memory allocation (mmap) failed to map 1179648 bytes for G1 virtual space
# Possible reasons:
#   The system is out of physical RAM or swap space
#   The process is running with CompressedOops enabled, and the Java Heap may be blocking the growth of the native heap
# Possible solutions:
#   Reduce memory load on the system
#   Increase physical memory or swap space
#   Check if swap backing store is full
#   Decrease Java heap size (-Xmx/-Xms)
#   Decrease number of Java threads
#   Decrease Java thread stack sizes (-Xss)
#   Set larger code cache with -XX:ReservedCodeCacheSize=
#   JVM is running with Zero Based Compressed Oops mode in which the Java heap is
#     placed in the first 32GB address space. The Java Heap base address is the
#     maximum limit for the native heap growth. Please use -XX:HeapBaseMinAddress
#     to set the Java Heap base and to place the Java Heap above 32GB virtual address.
# This output file may be truncated or incomplete.
#
#  Out of Memory Error (os_windows.cpp:3548), pid=5372, tid=4660
#
# JRE version: Java(TM) SE Runtime Environment (17.0.12+8) (build 17.0.12+8-LTS-286)
# Java VM: Java HotSpot(TM) 64-Bit Server VM (17.0.12+8-LTS-286, mixed mode, sharing, tiered, compressed oops, compressed class ptrs, g1 gc, windows-amd64)
# No core dump will be written. Minidumps are not enabled by default on client versions of Windows
#

---------------  S U M M A R Y ------------

Command Line: --add-opens=java.base/java.lang=ALL-UNNAMED --add-opens=java.base/java.lang.invoke=ALL-UNNAMED --add-opens=java.base/java.util=ALL-UNNAMED --add-opens=java.prefs/java.util.prefs=ALL-UNNAMED --add-exports=jdk.compiler/com.sun.tools.javac.api=ALL-UNNAMED --add-exports=jdk.compiler/com.sun.tools.javac.util=ALL-UNNAMED --add-opens=java.base/java.util=ALL-UNNAMED --add-opens=java.prefs/java.util.prefs=ALL-UNNAMED --add-opens=java.base/java.nio.charset=ALL-UNNAMED --add-opens=java.base/java.net=ALL-UNNAMED --add-opens=java.base/java.util.concurrent.atomic=ALL-UNNAMED --add-opens=java.xml/javax.xml.namespace=ALL-UNNAMED -XX:MaxMetaspaceSize=1024m -Xmx4096m -Dfile.encoding=UTF-8 -Duser.country=US -Duser.language=en -Duser.variant -javaagent:D:\.gradle\wrapper\dists\gradle-8.13-bin\5xuhj0ry160q40clulazy9h7d\gradle-8.13\lib\agents\gradle-instrumentation-agent-8.13.jar org.gradle.launcher.daemon.bootstrap.GradleDaemon 8.13

Host: Intel(R) Core(TM) i5-8350U CPU @ 1.70GHz, 8 cores, 7G,  Windows 11 , 64 bit Build 26100 (10.0.26100.7309)
Time: Sun Jan 11 16:14:02 2026 E. Africa Standard Time elapsed time: 60.265334 seconds (0d 0h 1m 0s)

---------------  T H R E A D  ---------------

Current thread (0x0000021ec47b75b0):  VMThread "VM Thread" [stack: 0x00000053a7400000,0x00000053a7500000] [id=4660]

Stack: [0x00000053a7400000,0x00000053a7500000]
Native frames: (J=compiled Java code, j=interpreted, Vv=VM code, C=native code)
V  [jvm.dll+0x67a04a]
V  [jvm.dll+0x7da4ed]
V  [jvm.dll+0x7dbe33]
V  [jvm.dll+0x7dc4a3]
V  [jvm.dll+0x24508f]
V  [jvm.dll+0x677089]
V  [jvm.dll+0x66bd32]
V  [jvm.dll+0x301fa6]
V  [jvm.dll+0x309546]
V  [jvm.dll+0x359d58]
V  [jvm.dll+0x359f5f]
V  [jvm.dll+0x2d9078]
V  [jvm.dll+0x2d74ad]
V  [jvm.dll+0x2d6afc]
V  [jvm.dll+0x31a65b]
V  [jvm.dll+0x7e0d9b]
V  [jvm.dll+0x7e1ad4]
V  [jvm.dll+0x7e1fed]
V  [jvm.dll+0x7e23c4]
V  [jvm.dll+0x7e2490]
V  [jvm.dll+0x78abea]
V  [jvm.dll+0x678f35]
C  [ucrtbase.dll+0x37b0]
C  [KERNEL32.DLL+0x2e8d7]
C  [ntdll.dll+0x8c53c]

VM_Operation (0x00000053ac8fafb0): G1CollectForAllocation, mode: safepoint, requested by thread 0x0000021e8384aa30


---------------  P R O C E S S  ---------------

Threads class SMR info:
_java_thread_list=0x0000021efef60a20, length=77, elements={
0x0000021ea1ac4800, 0x0000021ec47bac00, 0x0000021ec47bb6d0, 0x0000021ec47cc570,
0x0000021ec47cee50, 0x0000021ec47cf720, 0x0000021ec47cfff0, 0x0000021ec47d0bf0,
0x0000021ec47d15b0, 0x0000021ec47d9ed0, 0x0000021ec4a6a610, 0x0000021ec4a69bf0,
0x0000021ec4a6b540, 0x0000021ec4a6ba50, 0x0000021ec4a6ab20, 0x0000021ec4a6c470,
0x0000021ec4a6c980, 0x0000021ec4a6b030, 0x0000021ec4a691d0, 0x0000021ec4a696e0,
0x0000021e80623d10, 0x0000021e806228d0, 0x0000021e80624c40, 0x0000021e806232f0,
0x0000021e80623800, 0x0000021e806223c0, 0x0000021e80625b70, 0x0000021e80626080,
0x0000021e806274c0, 0x0000021e80626fb0, 0x0000021e806279d0, 0x0000021e80624220,
0x0000021e806283f0, 0x0000021e80628900, 0x0000021e80628e10, 0x0000021e80629320,
0x0000021e80629830, 0x0000021e83477260, 0x0000021e83479ff0, 0x0000021e834786a0,
0x0000021e8347a500, 0x0000021e83476d50, 0x0000021e83478bb0, 0x0000021e834790c0,
0x0000021e83478190, 0x0000021e8347e1c0, 0x0000021e80629d40, 0x0000021e837b9820,
0x0000021e837b9310, 0x0000021e837b79c0, 0x0000021e837b9d30, 0x0000021e837b6580,
0x0000021e837ba240, 0x0000021e837b6a90, 0x0000021e837bb680, 0x0000021e837bac60,
0x0000021e837bb170, 0x0000021e837bd4e0, 0x0000021e837bbb90, 0x0000021e837ba750,
0x0000021e837bdf00, 0x0000021e837bc0a0, 0x0000021e837bcac0, 0x0000021e837bcfd0,
0x0000021e8347be50, 0x0000021e8384af40, 0x0000021e838495f0, 0x0000021e8384a520,
0x0000021e838486c0, 0x0000021e838490e0, 0x0000021e8384aa30, 0x0000021efee774a0,
0x0000021e83847790, 0x0000021e8384b450, 0x0000021e83849b00, 0x0000021e8384a010,
0x0000021efee7cef0
}

Java Threads: ( => current thread )
  0x0000021ea1ac4800 JavaThread "main" [_thread_blocked, id=3632, stack(0x00000053a6e00000,0x00000053a6f00000)]
  0x0000021ec47bac00 JavaThread "Reference Handler" daemon [_thread_blocked, id=21068, stack(0x00000053a7500000,0x00000053a7600000)]
  0x0000021ec47bb6d0 JavaThread "Finalizer" daemon [_thread_blocked, id=25840, stack(0x00000053a7600000,0x00000053a7700000)]
  0x0000021ec47cc570 JavaThread "Signal Dispatcher" daemon [_thread_blocked, id=432, stack(0x00000053a7700000,0x00000053a7800000)]
  0x0000021ec47cee50 JavaThread "Attach Listener" daemon [_thread_blocked, id=25236, stack(0x00000053a7800000,0x00000053a7900000)]
  0x0000021ec47cf720 JavaThread "Service Thread" daemon [_thread_blocked, id=2820, stack(0x00000053a7900000,0x00000053a7a00000)]
  0x0000021ec47cfff0 JavaThread "Monitor Deflation Thread" daemon [_thread_blocked, id=20004, stack(0x00000053a7a00000,0x00000053a7b00000)]
  0x0000021ec47d0bf0 JavaThread "C2 CompilerThread0" daemon [_thread_blocked, id=23812, stack(0x00000053a7b00000,0x00000053a7c00000)]
  0x0000021ec47d15b0 JavaThread "C1 CompilerThread0" daemon [_thread_blocked, id=11888, stack(0x00000053a7c00000,0x00000053a7d00000)]
  0x0000021ec47d9ed0 JavaThread "Sweeper thread" daemon [_thread_blocked, id=880, stack(0x00000053a7d00000,0x00000053a7e00000)]
  0x0000021ec4a6a610 JavaThread "Common-Cleaner" daemon [_thread_blocked, id=21464, stack(0x00000053a7e00000,0x00000053a7f00000)]
  0x0000021ec4a69bf0 JavaThread "Notification Thread" daemon [_thread_blocked, id=17316, stack(0x00000053a7f00000,0x00000053a8000000)]
  0x0000021ec4a6b540 JavaThread "Daemon health stats" [_thread_blocked, id=18552, stack(0x00000053a8700000,0x00000053a8800000)]
  0x0000021ec4a6ba50 JavaThread "Incoming local TCP Connector on port 64716" [_thread_in_native, id=11884, stack(0x00000053a8900000,0x00000053a8a00000)]
  0x0000021ec4a6ab20 JavaThread "Daemon periodic checks" [_thread_blocked, id=23852, stack(0x00000053a8a00000,0x00000053a8b00000)]
  0x0000021ec4a6c470 JavaThread "Daemon" [_thread_blocked, id=1848, stack(0x00000053a8c00000,0x00000053a8d00000)]
  0x0000021ec4a6c980 JavaThread "Handler for socket connection from /127.0.0.1:64716 to /127.0.0.1:64717" [_thread_in_native, id=14012, stack(0x00000053a8d00000,0x00000053a8e00000)]
  0x0000021ec4a6b030 JavaThread "Cancel handler" [_thread_blocked, id=7824, stack(0x00000053a8e00000,0x00000053a8f00000)]
  0x0000021ec4a691d0 JavaThread "Daemon worker" [_thread_in_native, id=22628, stack(0x00000053a8f00000,0x00000053a9000000)]
  0x0000021ec4a696e0 JavaThread "Asynchronous log dispatcher for DefaultDaemonConnection: socket connection from /127.0.0.1:64716 to /127.0.0.1:64717" [_thread_blocked, id=13196, stack(0x00000053a9000000,0x00000053a9100000)]
  0x0000021e80623d10 JavaThread "Stdin handler" [_thread_blocked, id=1016, stack(0x00000053a9100000,0x00000053a9200000)]
  0x0000021e806228d0 JavaThread "Daemon client event forwarder" [_thread_blocked, id=21216, stack(0x00000053a9200000,0x00000053a9300000)]
  0x0000021e80624c40 JavaThread "Cache worker for journal cache (D:\.gradle\caches\journal-1)" [_thread_blocked, id=13968, stack(0x00000053a9300000,0x00000053a9400000)]
  0x0000021e806232f0 JavaThread "File lock request listener" [_thread_in_native, id=24096, stack(0x00000053a8b00000,0x00000053a8c00000)]
  0x0000021e80623800 JavaThread "Cache worker for file hash cache (D:\.gradle\caches\8.13\fileHashes)" [_thread_blocked, id=11316, stack(0x00000053a9400000,0x00000053a9500000)]
  0x0000021e806223c0 JavaThread "Cache worker for file hash cache (C:\Users\USER\MiFedha1a14\android\.gradle\8.13\fileHashes)" [_thread_blocked, id=20160, stack(0x00000053a9700000,0x00000053a9800000)]
  0x0000021e80625b70 JavaThread "Cache worker for Build Output Cleanup Cache (C:\Users\USER\MiFedha1a14\android\.gradle\buildOutputCleanup)" [_thread_blocked, id=19804, stack(0x00000053a9800000,0x00000053a9900000)]
  0x0000021e80626080 JavaThread "File watcher server" daemon [_thread_in_native, id=22096, stack(0x00000053a9a00000,0x00000053a9b00000)]
  0x0000021e806274c0 JavaThread "File watcher consumer" daemon [_thread_blocked, id=19236, stack(0x00000053a9b00000,0x00000053a9c00000)]
  0x0000021e80626fb0 JavaThread "jar transforms" [_thread_blocked, id=5200, stack(0x00000053a9e00000,0x00000053a9f00000)]
  0x0000021e806279d0 JavaThread "Cache worker for checksums cache (C:\Users\USER\MiFedha1a14\android\.gradle\8.13\checksums)" [_thread_blocked, id=11872, stack(0x00000053a9f00000,0x00000053aa000000)]
  0x0000021e80624220 JavaThread "Cache worker for file content cache (D:\.gradle\caches\8.13\fileContent)" [_thread_blocked, id=3976, stack(0x00000053aa000000,0x00000053aa100000)]
  0x0000021e806283f0 JavaThread "Exec process" [_thread_blocked, id=15060, stack(0x00000053aa100000,0x00000053aa200000)]
  0x0000021e80628900 JavaThread "Exec process Thread 2" [_thread_blocked, id=11988, stack(0x00000053aa200000,0x00000053aa300000)]
  0x0000021e80628e10 JavaThread "Exec process Thread 3" [_thread_blocked, id=8432, stack(0x00000053aa300000,0x00000053aa400000)]
  0x0000021e80629320 JavaThread "Cache worker for cache directory md-supplier (D:\.gradle\caches\8.13\md-supplier)" [_thread_blocked, id=19972, stack(0x00000053a9600000,0x00000053a9700000)]
  0x0000021e80629830 JavaThread "Cache worker for cache directory md-rule (D:\.gradle\caches\8.13\md-rule)" [_thread_blocked, id=3592, stack(0x00000053aa400000,0x00000053aa500000)]
  0x0000021e83477260 JavaThread "Cache worker for Build Output Cleanup Cache (C:\Users\USER\MiFedha1a14\node_modules\@react-native\gradle-plugin\.gradle\buildOutputCleanup)" [_thread_blocked, id=9516, stack(0x00000053aa500000,0x00000053aa600000)]
  0x0000021e83479ff0 JavaThread "Unconstrained build operations" [_thread_blocked, id=10148, stack(0x00000053aa600000,0x00000053aa700000)]
  0x0000021e834786a0 JavaThread "Unconstrained build operations Thread 2" [_thread_blocked, id=14532, stack(0x00000053aa700000,0x00000053aa800000)]
  0x0000021e8347a500 JavaThread "Unconstrained build operations Thread 3" [_thread_blocked, id=14172, stack(0x00000053aa800000,0x00000053aa900000)]
  0x0000021e83476d50 JavaThread "Unconstrained build operations Thread 4" [_thread_blocked, id=4296, stack(0x00000053aa900000,0x00000053aaa00000)]
  0x0000021e83478bb0 JavaThread "Unconstrained build operations Thread 5" [_thread_blocked, id=21820, stack(0x00000053aaa00000,0x00000053aab00000)]
  0x0000021e834790c0 JavaThread "Unconstrained build operations Thread 6" [_thread_blocked, id=26084, stack(0x00000053aab00000,0x00000053aac00000)]
  0x0000021e83478190 JavaThread "Kotlin DSL Writer" [_thread_blocked, id=9408, stack(0x00000053aac00000,0x00000053aad00000)]
  0x0000021e8347e1c0 JavaThread "Cache worker for Build Output Cleanup Cache (C:\Users\USER\MiFedha1a14\node_modules\expo-modules-autolinking\android\expo-gradle-plugin\.gradle\buildOutputCleanup)" [_thread_blocked, id=19748, stack(0x00000053a9500000,0x00000053a9600000)]
  0x0000021e80629d40 JavaThread "Kotlin DSL Writer" [_thread_blocked, id=10828, stack(0x00000053aaf00000,0x00000053ab000000)]
  0x0000021e837b9820 JavaThread "Unconstrained build operations Thread 7" [_thread_blocked, id=16636, stack(0x00000053ab200000,0x00000053ab300000)]
  0x0000021e837b9310 JavaThread "Unconstrained build operations Thread 8" [_thread_blocked, id=2588, stack(0x00000053ab300000,0x00000053ab400000)]
  0x0000021e837b79c0 JavaThread "Unconstrained build operations Thread 9" [_thread_blocked, id=20640, stack(0x00000053ab400000,0x00000053ab500000)]
  0x0000021e837b9d30 JavaThread "Unconstrained build operations Thread 10" [_thread_blocked, id=5292, stack(0x00000053ab500000,0x00000053ab600000)]
  0x0000021e837b6580 JavaThread "Unconstrained build operations Thread 11" [_thread_blocked, id=2160, stack(0x00000053ab600000,0x00000053ab700000)]
  0x0000021e837ba240 JavaThread "Unconstrained build operations Thread 12" [_thread_blocked, id=25012, stack(0x00000053ab700000,0x00000053ab800000)]
  0x0000021e837b6a90 JavaThread "Unconstrained build operations Thread 13" [_thread_blocked, id=24628, stack(0x00000053ab800000,0x00000053ab900000)]
  0x0000021e837bb680 JavaThread "Unconstrained build operations Thread 14" [_thread_blocked, id=18300, stack(0x00000053ab900000,0x00000053aba00000)]
  0x0000021e837bac60 JavaThread "Unconstrained build operations Thread 15" [_thread_blocked, id=16332, stack(0x00000053aba00000,0x00000053abb00000)]
  0x0000021e837bb170 JavaThread "Unconstrained build operations Thread 16" [_thread_blocked, id=16848, stack(0x00000053abb00000,0x00000053abc00000)]
  0x0000021e837bd4e0 JavaThread "Unconstrained build operations Thread 17" [_thread_blocked, id=23268, stack(0x00000053abc00000,0x00000053abd00000)]
  0x0000021e837bbb90 JavaThread "Unconstrained build operations Thread 18" [_thread_blocked, id=6136, stack(0x00000053abd00000,0x00000053abe00000)]
  0x0000021e837ba750 JavaThread "Unconstrained build operations Thread 19" [_thread_blocked, id=4408, stack(0x00000053aad00000,0x00000053aae00000)]
  0x0000021e837bdf00 JavaThread "Unconstrained build operations Thread 20" [_thread_blocked, id=20284, stack(0x00000053abe00000,0x00000053abf00000)]
  0x0000021e837bc0a0 JavaThread "Unconstrained build operations Thread 21" [_thread_blocked, id=16540, stack(0x00000053abf00000,0x00000053ac000000)]
  0x0000021e837bcac0 JavaThread "Unconstrained build operations Thread 22" [_thread_blocked, id=3652, stack(0x00000053ac000000,0x00000053ac100000)]
  0x0000021e837bcfd0 JavaThread "Unconstrained build operations Thread 23" [_thread_blocked, id=15900, stack(0x00000053ac100000,0x00000053ac200000)]
  0x0000021e8347be50 JavaThread "Unconstrained build operations Thread 24" [_thread_blocked, id=10940, stack(0x00000053ac200000,0x00000053ac300000)]
  0x0000021e8384af40 JavaThread "Unconstrained build operations Thread 25" [_thread_blocked, id=24188, stack(0x00000053ac300000,0x00000053ac400000)]
  0x0000021e838495f0 JavaThread "Unconstrained build operations Thread 26" [_thread_blocked, id=4080, stack(0x00000053ac400000,0x00000053ac500000)]
  0x0000021e8384a520 JavaThread "Unconstrained build operations Thread 27" [_thread_blocked, id=22076, stack(0x00000053ac500000,0x00000053ac600000)]
  0x0000021e838486c0 JavaThread "Unconstrained build operations Thread 28" [_thread_blocked, id=19396, stack(0x00000053ac600000,0x00000053ac700000)]
  0x0000021e838490e0 JavaThread "Unconstrained build operations Thread 29" [_thread_blocked, id=20092, stack(0x00000053ac700000,0x00000053ac800000)]
  0x0000021e8384aa30 JavaThread "Unconstrained build operations Thread 30" [_thread_blocked, id=14756, stack(0x00000053ac800000,0x00000053ac900000)]
  0x0000021efee774a0 JavaThread "C2 CompilerThread1" daemon [_thread_blocked, id=20544, stack(0x00000053ac900000,0x00000053aca00000)]
  0x0000021e83847790 JavaThread "Unconstrained build operations Thread 31" [_thread_blocked, id=19836, stack(0x00000053aca00000,0x00000053acb00000)]
  0x0000021e8384b450 JavaThread "Unconstrained build operations Thread 32" [_thread_blocked, id=18232, stack(0x00000053acb00000,0x00000053acc00000)]
  0x0000021e83849b00 JavaThread "Unconstrained build operations Thread 33" [_thread_blocked, id=19644, stack(0x00000053acc00000,0x00000053acd00000)]
  0x0000021e8384a010 JavaThread "Unconstrained build operations Thread 34" [_thread_blocked, id=3820, stack(0x00000053acd00000,0x00000053ace00000)]
  0x0000021efee7cef0 JavaThread "C2 CompilerThread2" daemon [_thread_in_native, id=7116, stack(0x00000053ace00000,0x00000053acf00000)]

Other Threads:
=>0x0000021ec47b75b0 VMThread "VM Thread" [stack: 0x00000053a7400000,0x00000053a7500000] [id=4660]
  0x0000021ea1b4de20 WatcherThread [stack: 0x00000053a8000000,0x00000053a8100000] [id=23008]
  0x0000021ea1b30bf0 GCTaskThread "GC Thread#0" [stack: 0x00000053a6f00000,0x00000053a7000000] [id=4180]
  0x0000021efe2c37b0 GCTaskThread "GC Thread#1" [stack: 0x00000053a8300000,0x00000053a8400000] [id=15876]
  0x0000021efe02ad00 GCTaskThread "GC Thread#2" [stack: 0x00000053a8400000,0x00000053a8500000] [id=756]
  0x0000021efecb9c20 GCTaskThread "GC Thread#3" [stack: 0x00000053a8500000,0x00000053a8600000] [id=24040]
  0x0000021efe7d4a50 GCTaskThread "GC Thread#4" [stack: 0x00000053a8600000,0x00000053a8700000] [id=2848]
  0x0000021ec4b9c5c0 GCTaskThread "GC Thread#5" [stack: 0x00000053a8100000,0x00000053a8200000] [id=4388]
  0x0000021e8006f080 GCTaskThread "GC Thread#6" [stack: 0x00000053a8200000,0x00000053a8300000] [id=11024]
  0x0000021e8006f340 GCTaskThread "GC Thread#7" [stack: 0x00000053a8800000,0x00000053a8900000] [id=15728]
  0x0000021ea1b41a50 ConcurrentGCThread "G1 Main Marker" [stack: 0x00000053a7000000,0x00000053a7100000] [id=7556]
  0x0000021ea1b43040 ConcurrentGCThread "G1 Conc#0" [stack: 0x00000053a7100000,0x00000053a7200000] [id=17708]
  0x0000021e80f7e1a0 ConcurrentGCThread "G1 Conc#1" [stack: 0x00000053a9900000,0x00000053a9a00000] [id=23056]
  0x0000021ec46710c0 ConcurrentGCThread "G1 Refine#0" [stack: 0x00000053a7200000,0x00000053a7300000] [id=18096]
  0x0000021e80e29660 ConcurrentGCThread "G1 Refine#1" [stack: 0x00000053a9c00000,0x00000053a9d00000] [id=7072]
  0x0000021e80e29950 ConcurrentGCThread "G1 Refine#2" [stack: 0x00000053a9d00000,0x00000053a9e00000] [id=8676]
  0x0000021ec46718a0 ConcurrentGCThread "G1 Service" [stack: 0x00000053a7300000,0x00000053a7400000] [id=25288]

Threads with active compile tasks:
C2 CompilerThread0    60309 13474       4       org.gradle.api.internal.initialization.transform.InstrumentationAnalysisTransform$$Lambda$2570/0x0000021ec709b9a8::visit (13 bytes)
C2 CompilerThread1    60309 13507       4       org.gradle.api.internal.initialization.transform.InstrumentationAnalysisTransform::lambda$analyzeArtifact$1 (77 bytes)
C2 CompilerThread2    60309 13452       4       org.gradle.internal.serialize.HierarchicalNameSerializer::writeName (88 bytes)

VM state: at safepoint (normal execution)

VM Mutex/Monitor currently owned by a thread:  ([mutex/lock_event])
[0x0000021e9f73c5e0] Threads_lock - owner thread: 0x0000021ec47b75b0
[0x0000021ea1ac2880] Heap_lock - owner thread: 0x0000021e8384aa30

Heap address: 0x0000000700000000, size: 4096 MB, Compressed Oops mode: Zero based, Oop shift amount: 3

CDS archive(s) mapped at: [0x0000021ec5000000-0x0000021ec5bd0000-0x0000021ec5bd0000), size 12386304, SharedBaseAddress: 0x0000021ec5000000, ArchiveRelocationMode: 1.
Compressed class space mapped at: 0x0000021ec6000000-0x0000021efa000000, reserved size: 872415232
Narrow klass base: 0x0000021ec5000000, Narrow klass shift: 0, Narrow klass range: 0x100000000

GC Precious Log:
 CPUs: 8 total, 8 available
 Memory: 8066M
 Large Page Support: Disabled
 NUMA Support: Disabled
 Compressed Oops: Enabled (Zero based)
 Heap Region Size: 2M
 Heap Min Capacity: 8M
 Heap Initial Capacity: 128M
 Heap Max Capacity: 4G
 Pre-touch: Disabled
 Parallel Workers: 8
 Concurrent Workers: 2
 Concurrent Refinement Workers: 8
 Periodic GC: Disabled

Heap:
 garbage-first heap   total 178176K, used 94205K [0x0000000700000000, 0x0000000800000000)
  region size 2048K, 2 young (4096K), 2 survivors (4096K)
 Metaspace       used 132450K, committed 133248K, reserved 983040K
  class space    used 16920K, committed 17280K, reserved 851968K

Heap Regions: E=young(eden), S=young(survivor), O=old, HS=humongous(starts), HC=humongous(continues), CS=collection set, F=free, OA=open archive, CA=closed archive, TAMS=top-at-mark-start (previous, next)
|   0|0x0000000700000000, 0x0000000700200000, 0x0000000700200000|100%|HS|  |TAMS 0x0000000700200000, 0x0000000700000000| Complete 
|   1|0x0000000700200000, 0x0000000700400000, 0x0000000700400000|100%|HC|  |TAMS 0x0000000700400000, 0x0000000700200000| Complete 
|   2|0x0000000700400000, 0x0000000700600000, 0x0000000700600000|100%| O|  |TAMS 0x0000000700600000, 0x0000000700400000| Untracked 
|   3|0x0000000700600000, 0x0000000700800000, 0x0000000700800000|100%| O|  |TAMS 0x0000000700800000, 0x0000000700600000| Untracked 
|   4|0x0000000700800000, 0x0000000700a00000, 0x0000000700a00000|100%| O|  |TAMS 0x0000000700a00000, 0x0000000700800000| Untracked 
|   5|0x0000000700a00000, 0x0000000700c00000, 0x0000000700c00000|100%| O|  |TAMS 0x0000000700c00000, 0x0000000700a00000| Untracked 
|   6|0x0000000700c00000, 0x0000000700e00000, 0x0000000700e00000|100%| O|  |TAMS 0x0000000700e00000, 0x0000000700c00000| Untracked 
|   7|0x0000000700e00000, 0x0000000701000000, 0x0000000701000000|100%| O|  |TAMS 0x0000000701000000, 0x0000000700e00000| Untracked 
|   8|0x0000000701000000, 0x0000000701200000, 0x0000000701200000|100%| O|  |TAMS 0x0000000701200000, 0x0000000701000000| Untracked 
|   9|0x0000000701200000, 0x0000000701400000, 0x0000000701400000|100%| O|  |TAMS 0x0000000701400000, 0x0000000701200000| Untracked 
|  10|0x0000000701400000, 0x0000000701600000, 0x0000000701600000|100%| O|  |TAMS 0x0000000701600000, 0x0000000701400000| Untracked 
|  11|0x0000000701600000, 0x0000000701800000, 0x0000000701800000|100%| O|  |TAMS 0x0000000701800000, 0x0000000701600000| Untracked 
|  12|0x0000000701800000, 0x0000000701a00000, 0x0000000701a00000|100%| O|  |TAMS 0x0000000701a00000, 0x0000000701800000| Untracked 
|  13|0x0000000701a00000, 0x0000000701c00000, 0x0000000701c00000|100%| O|  |TAMS 0x0000000701c00000, 0x0000000701a00000| Untracked 
|  14|0x0000000701c00000, 0x0000000701e00000, 0x0000000701e00000|100%| O|  |TAMS 0x0000000701e00000, 0x0000000701c00000| Untracked 
|  15|0x0000000701e00000, 0x0000000702000000, 0x0000000702000000|100%| O|  |TAMS 0x0000000702000000, 0x0000000701e00000| Untracked 
|  16|0x0000000702000000, 0x0000000702200000, 0x0000000702200000|100%| O|  |TAMS 0x0000000702200000, 0x0000000702000000| Untracked 
|  17|0x0000000702200000, 0x0000000702400000, 0x0000000702400000|100%|HS|  |TAMS 0x0000000702400000, 0x0000000702200000| Complete 
|  18|0x0000000702400000, 0x0000000702600000, 0x0000000702600000|100%|HC|  |TAMS 0x0000000702600000, 0x0000000702400000| Complete 
|  19|0x0000000702600000, 0x0000000702800000, 0x0000000702800000|100%|HC|  |TAMS 0x0000000702800000, 0x0000000702600000| Complete 
|  20|0x0000000702800000, 0x0000000702a00000, 0x0000000702a00000|100%| O|  |TAMS 0x0000000702a00000, 0x0000000702800000| Untracked 
|  21|0x0000000702a00000, 0x0000000702bb8200, 0x0000000702c00000| 85%| O|  |TAMS 0x0000000702bb8200, 0x0000000702a00000| Untracked 
|  22|0x0000000702c00000, 0x0000000702e00000, 0x0000000702e00000|100%| O|  |TAMS 0x0000000702e00000, 0x0000000702c00000| Untracked 
|  23|0x0000000702e00000, 0x0000000703000000, 0x0000000703000000|100%| O|  |TAMS 0x0000000703000000, 0x0000000702e00000| Untracked 
|  24|0x0000000703000000, 0x0000000703200000, 0x0000000703200000|100%| O|  |TAMS 0x0000000703200000, 0x0000000703000000| Untracked 
|  25|0x0000000703200000, 0x0000000703400000, 0x0000000703400000|100%| O|  |TAMS 0x0000000703400000, 0x0000000703200000| Untracked 
|  26|0x0000000703400000, 0x0000000703600000, 0x0000000703600000|100%| O|  |TAMS 0x0000000703600000, 0x0000000703400000| Untracked 
|  27|0x0000000703600000, 0x0000000703800000, 0x0000000703800000|100%| O|  |TAMS 0x0000000703800000, 0x0000000703600000| Untracked 
|  28|0x0000000703800000, 0x0000000703a00000, 0x0000000703a00000|100%| O|  |TAMS 0x0000000703a00000, 0x0000000703800000| Untracked 
|  29|0x0000000703a00000, 0x0000000703c00000, 0x0000000703c00000|100%| O|  |TAMS 0x0000000703c00000, 0x0000000703a00000| Untracked 
|  30|0x0000000703c00000, 0x0000000703e00000, 0x0000000703e00000|100%| O|  |TAMS 0x0000000703e00000, 0x0000000703c00000| Untracked 
|  31|0x0000000703e00000, 0x0000000704000000, 0x0000000704000000|100%| O|  |TAMS 0x0000000704000000, 0x0000000703e00000| Untracked 
|  32|0x0000000704000000, 0x0000000704200000, 0x0000000704200000|100%| O|  |TAMS 0x0000000704200000, 0x0000000704000000| Untracked 
|  33|0x0000000704200000, 0x0000000704400000, 0x0000000704400000|100%| O|  |TAMS 0x0000000704200000, 0x0000000704200000| Untracked 
|  34|0x0000000704400000, 0x0000000704600000, 0x0000000704600000|100%| O|  |TAMS 0x0000000704400000, 0x0000000704400000| Untracked 
|  35|0x0000000704600000, 0x0000000704800000, 0x0000000704800000|100%| O|  |TAMS 0x0000000704800000, 0x0000000704600000| Untracked 
|  36|0x0000000704800000, 0x0000000704a00000, 0x0000000704a00000|100%| O|  |TAMS 0x0000000704a00000, 0x0000000704800000| Untracked 
|  37|0x0000000704a00000, 0x0000000704c00000, 0x0000000704c00000|100%| O|  |TAMS 0x0000000704c00000, 0x0000000704a00000| Untracked 
|  38|0x0000000704c00000, 0x0000000704e00000, 0x0000000704e00000|100%| O|  |TAMS 0x0000000704e00000, 0x0000000704c00000| Untracked 
|  39|0x0000000704e00000, 0x0000000705000000, 0x0000000705000000|100%| O|  |TAMS 0x0000000704e6fe00, 0x0000000704e00000| Untracked 
|  40|0x0000000705000000, 0x0000000705200000, 0x0000000705200000|100%| O|  |TAMS 0x0000000705000000, 0x0000000705000000| Untracked 
|  41|0x0000000705200000, 0x0000000705400000, 0x0000000705400000|100%|HS|  |TAMS 0x0000000705200000, 0x0000000705200000| Complete 
|  42|0x0000000705400000, 0x0000000705600000, 0x0000000705600000|100%| O|  |TAMS 0x0000000705400000, 0x0000000705400000| Untracked 
|  43|0x0000000705600000, 0x0000000705800000, 0x0000000705800000|100%| O|  |TAMS 0x0000000705600000, 0x0000000705600000| Untracked 
|  44|0x0000000705800000, 0x00000007058aac00, 0x0000000705a00000| 33%| O|  |TAMS 0x0000000705800000, 0x0000000705800000| Untracked 
|  45|0x0000000705a00000, 0x0000000705a00000, 0x0000000705c00000|  0%| F|  |TAMS 0x0000000705a00000, 0x0000000705a00000| Untracked 
|  46|0x0000000705c00000, 0x0000000705c00000, 0x0000000705e00000|  0%| F|  |TAMS 0x0000000705c00000, 0x0000000705c00000| Untracked 
|  47|0x0000000705e00000, 0x0000000705e00000, 0x0000000706000000|  0%| F|  |TAMS 0x0000000705e00000, 0x0000000705e00000| Untracked 
|  48|0x0000000706000000, 0x0000000706000000, 0x0000000706200000|  0%| F|  |TAMS 0x0000000706000000, 0x0000000706000000| Untracked 
|  49|0x0000000706200000, 0x0000000706200000, 0x0000000706400000|  0%| F|  |TAMS 0x0000000706200000, 0x0000000706200000| Untracked 
|  50|0x0000000706400000, 0x0000000706400000, 0x0000000706600000|  0%| F|  |TAMS 0x0000000706400000, 0x0000000706400000| Untracked 
|  51|0x0000000706600000, 0x0000000706600000, 0x0000000706800000|  0%| F|  |TAMS 0x0000000706600000, 0x0000000706600000| Untracked 
|  52|0x0000000706800000, 0x0000000706800000, 0x0000000706a00000|  0%| F|  |TAMS 0x0000000706800000, 0x0000000706800000| Untracked 
|  53|0x0000000706a00000, 0x0000000706a00000, 0x0000000706c00000|  0%| F|  |TAMS 0x0000000706a00000, 0x0000000706a00000| Untracked 
|  54|0x0000000706c00000, 0x0000000706c00000, 0x0000000706e00000|  0%| F|  |TAMS 0x0000000706c00000, 0x0000000706c00000| Untracked 
|  55|0x0000000706e00000, 0x0000000706f9c788, 0x0000000707000000| 80%| S|CS|TAMS 0x0000000706e00000, 0x0000000706e00000| Complete 
|  56|0x0000000707000000, 0x0000000707200000, 0x0000000707200000|100%| S|CS|TAMS 0x0000000707000000, 0x0000000707000000| Complete 
|  57|0x0000000707200000, 0x0000000707200000, 0x0000000707400000|  0%| F|  |TAMS 0x0000000707200000, 0x0000000707200000| Untracked 
|  58|0x0000000707400000, 0x0000000707400000, 0x0000000707600000|  0%| F|  |TAMS 0x0000000707400000, 0x0000000707400000| Untracked 
|  59|0x0000000707600000, 0x0000000707600000, 0x0000000707800000|  0%| F|  |TAMS 0x0000000707600000, 0x0000000707600000| Untracked 
|  60|0x0000000707800000, 0x0000000707800000, 0x0000000707a00000|  0%| F|  |TAMS 0x0000000707800000, 0x0000000707800000| Untracked 
|  61|0x0000000707a00000, 0x0000000707a00000, 0x0000000707c00000|  0%| F|  |TAMS 0x0000000707a00000, 0x0000000707a00000| Untracked 
|  62|0x0000000707c00000, 0x0000000707c00000, 0x0000000707e00000|  0%| F|  |TAMS 0x0000000707c00000, 0x0000000707c00000| Untracked 
|  63|0x0000000707e00000, 0x0000000707e00000, 0x0000000708000000|  0%| F|  |TAMS 0x0000000707e00000, 0x0000000707e00000| Untracked 
|  64|0x0000000708000000, 0x0000000708000000, 0x0000000708200000|  0%| F|  |TAMS 0x0000000708000000, 0x0000000708000000| Untracked 
|  65|0x0000000708200000, 0x0000000708200000, 0x0000000708400000|  0%| F|  |TAMS 0x0000000708200000, 0x0000000708200000| Untracked 
|  66|0x0000000708400000, 0x0000000708400000, 0x0000000708600000|  0%| F|  |TAMS 0x0000000708400000, 0x0000000708400000| Untracked 
|  67|0x0000000708600000, 0x0000000708600000, 0x0000000708800000|  0%| F|  |TAMS 0x0000000708600000, 0x0000000708600000| Untracked 
|  68|0x0000000708800000, 0x0000000708800000, 0x0000000708a00000|  0%| F|  |TAMS 0x0000000708800000, 0x0000000708800000| Untracked 
|  69|0x0000000708a00000, 0x0000000708a00000, 0x0000000708c00000|  0%| F|  |TAMS 0x0000000708a00000, 0x0000000708a00000| Untracked 
|  70|0x0000000708c00000, 0x0000000708c00000, 0x0000000708e00000|  0%| F|  |TAMS 0x0000000708c00000, 0x0000000708c00000| Untracked 
|  71|0x0000000708e00000, 0x0000000708e00000, 0x0000000709000000|  0%| F|  |TAMS 0x0000000708e00000, 0x0000000708e00000| Untracked 
|  72|0x0000000709000000, 0x0000000709000000, 0x0000000709200000|  0%| F|  |TAMS 0x0000000709000000, 0x0000000709000000| Untracked 
|  73|0x0000000709200000, 0x0000000709200000, 0x0000000709400000|  0%| F|  |TAMS 0x0000000709200000, 0x0000000709200000| Untracked 
|  74|0x0000000709400000, 0x0000000709400000, 0x0000000709600000|  0%| F|  |TAMS 0x0000000709400000, 0x0000000709400000| Untracked 
|  75|0x0000000709600000, 0x0000000709600000, 0x0000000709800000|  0%| F|  |TAMS 0x0000000709600000, 0x0000000709600000| Untracked 
|  76|0x0000000709800000, 0x0000000709800000, 0x0000000709a00000|  0%| F|  |TAMS 0x0000000709800000, 0x0000000709800000| Untracked 
|  77|0x0000000709a00000, 0x0000000709a00000, 0x0000000709c00000|  0%| F|  |TAMS 0x0000000709a00000, 0x0000000709a00000| Untracked 
|  78|0x0000000709c00000, 0x0000000709c00000, 0x0000000709e00000|  0%| F|  |TAMS 0x0000000709c00000, 0x0000000709c00000| Untracked 
|  79|0x0000000709e00000, 0x0000000709e00000, 0x000000070a000000|  0%| F|  |TAMS 0x0000000709e00000, 0x0000000709e00000| Untracked 
|  80|0x000000070a000000, 0x000000070a000000, 0x000000070a200000|  0%| F|  |TAMS 0x000000070a000000, 0x000000070a000000| Untracked 
|  81|0x000000070a200000, 0x000000070a200000, 0x000000070a400000|  0%| F|  |TAMS 0x000000070a200000, 0x000000070a200000| Untracked 
|  82|0x000000070a400000, 0x000000070a400000, 0x000000070a600000|  0%| F|  |TAMS 0x000000070a400000, 0x000000070a400000| Untracked 
|  83|0x000000070a600000, 0x000000070a600000, 0x000000070a800000|  0%| F|  |TAMS 0x000000070a600000, 0x000000070a600000| Untracked 
|  84|0x000000070a800000, 0x000000070a800000, 0x000000070aa00000|  0%| F|  |TAMS 0x000000070a800000, 0x000000070a800000| Untracked 
|  85|0x000000070aa00000, 0x000000070aa00000, 0x000000070ac00000|  0%| F|  |TAMS 0x000000070aa00000, 0x000000070aa00000| Untracked 
| 122|0x000000070f400000, 0x000000070f400000, 0x000000070f600000|  0%| F|  |TAMS 0x000000070f400000, 0x000000070f400000| Untracked 

Card table byte_map: [0x0000021eb8da0000,0x0000021eb95a0000] _byte_map_base: 0x0000021eb55a0000

Marking Bits (Prev, Next): (CMBitMap*) 0x0000021ea1b31120, (CMBitMap*) 0x0000021ea1b31160
 Prev Bits: [0x0000021eb9da0000, 0x0000021ebdda0000)
 Next Bits: [0x0000021ebdda0000, 0x0000021ec1da0000)

Polling page: 0x0000021e9f960000

Metaspace:

Usage:
  Non-class:    112.82 MB used.
      Class:     16.52 MB used.
       Both:    129.35 MB used.

Virtual space:
  Non-class space:      128.00 MB reserved,     113.25 MB ( 88%) committed,  2 nodes.
      Class space:      832.00 MB reserved,      16.88 MB (  2%) committed,  1 nodes.
             Both:      960.00 MB reserved,     130.12 MB ( 14%) committed. 

Chunk freelists:
   Non-Class:  14.38 MB
       Class:  15.09 MB
        Both:  29.47 MB

MaxMetaspaceSize: 1.00 GB
CompressedClassSpaceSize: 832.00 MB
Initial GC threshold: 21.00 MB
Current GC threshold: 179.69 MB
CDS: on
MetaspaceReclaimPolicy: balanced
 - commit_granule_bytes: 65536.
 - commit_granule_words: 8192.
 - virtual_space_node_default_size: 8388608.
 - enlarge_chunks_in_place: 1.
 - new_chunks_are_fully_committed: 0.
 - uncommit_free_chunks: 1.
 - use_allocation_guard: 0.
 - handle_deallocations: 1.


Internal statistics:

num_allocs_failed_limit: 15.
num_arena_births: 1056.
num_arena_deaths: 0.
num_vsnodes_births: 3.
num_vsnodes_deaths: 0.
num_space_committed: 2080.
num_space_uncommitted: 0.
num_chunks_returned_to_freelist: 15.
num_chunks_taken_from_freelist: 5814.
num_chunk_merges: 15.
num_chunk_splits: 4376.
num_chunks_enlarged: 3504.
num_inconsistent_stats: 0.

CodeHeap 'non-profiled nmethods': size=120000Kb used=7306Kb max_used=7306Kb free=112693Kb
 bounds [0x0000021eb0e50000, 0x0000021eb1580000, 0x0000021eb8380000]
CodeHeap 'profiled nmethods': size=120000Kb used=23267Kb max_used=23267Kb free=96732Kb
 bounds [0x0000021ea9380000, 0x0000021eaaa40000, 0x0000021eb08b0000]
CodeHeap 'non-nmethods': size=5760Kb used=2586Kb max_used=2664Kb free=3173Kb
 bounds [0x0000021eb08b0000, 0x0000021eb0b60000, 0x0000021eb0e50000]
 total_blobs=12554 nmethods=11395 adapters=1070
 compilation: enabled
              stopped_count=0, restarted_count=0
 full_count=0

Compilation events (20 events):
Event: 60.205 Thread 0x0000021efee774a0 nmethod 13477 0x0000021eb156f990 code [0x0000021eb156fb20, 0x0000021eb156fcb8]
Event: 60.205 Thread 0x0000021efee774a0 13498       4       java.util.stream.Streams$StreamBuilderImpl::forEachRemaining (30 bytes)
Event: 60.208 Thread 0x0000021efee774a0 nmethod 13498 0x0000021eb156fe10 code [0x0000021eb156ffa0, 0x0000021eb1570118]
Event: 60.208 Thread 0x0000021efee774a0 13499       4       org.gradle.api.internal.file.archive.impl.AbstractZipEntry::getContent (16 bytes)
Event: 60.210 Thread 0x0000021efee774a0 nmethod 13499 0x0000021eb1570310 code [0x0000021eb15704a0, 0x0000021eb1570608]
Event: 60.210 Thread 0x0000021efee774a0 13500       4       java.util.stream.ReduceOps$3::getOpFlags (28 bytes)
Event: 60.212 Thread 0x0000021efee774a0 nmethod 13500 0x0000021eb1570790 code [0x0000021eb1570920, 0x0000021eb1570a58]
Event: 60.212 Thread 0x0000021efee774a0 13501       4       java.util.stream.ReduceOps$3ReducingSink::begin (14 bytes)
Event: 60.214 Thread 0x0000021efee774a0 nmethod 13501 0x0000021eb1570b90 code [0x0000021eb1570d00, 0x0000021eb1570e78]
Event: 60.214 Thread 0x0000021efee774a0 13502       4       java.util.stream.ReferencePipeline::filter (22 bytes)
Event: 60.223 Thread 0x0000021efee774a0 nmethod 13502 0x0000021eb1570f10 code [0x0000021eb15710a0, 0x0000021eb15714d8]
Event: 60.224 Thread 0x0000021efee774a0 13504       4       java.util.stream.ReferencePipeline$2::opWrapSink (10 bytes)
Event: 60.227 Thread 0x0000021efee774a0 nmethod 13504 0x0000021eb1571690 code [0x0000021eb1571820, 0x0000021eb15719f8]
Event: 60.227 Thread 0x0000021efee774a0 13505       4       java.util.stream.ReferencePipeline$2$1::begin (13 bytes)
Event: 60.227 Thread 0x0000021efee774a0 nmethod 13505 0x0000021eb1571b10 code [0x0000021eb1571c80, 0x0000021eb1571d38]
Event: 60.227 Thread 0x0000021efee774a0 13506       4       org.gradle.api.internal.file.archive.impl.AbstractZipEntry$1::apply (9 bytes)
Event: 60.231 Thread 0x0000021efee774a0 nmethod 13506 0x0000021eb1571e10 code [0x0000021eb1571fc0, 0x0000021eb15722c8]
Event: 60.231 Thread 0x0000021efee774a0 13503       4       java.util.stream.Collector::of (73 bytes)
Event: 60.234 Thread 0x0000021efee774a0 nmethod 13503 0x0000021eb1572610 code [0x0000021eb15727a0, 0x0000021eb1572998]
Event: 60.234 Thread 0x0000021efee774a0 13507       4       org.gradle.api.internal.initialization.transform.InstrumentationAnalysisTransform::lambda$analyzeArtifact$1 (77 bytes)

GC Heap History (20 events):
Event: 26.031 GC heap after
{Heap after GC invocations=34 (full 0):
 garbage-first heap   total 178176K, used 86766K [0x0000000700000000, 0x0000000800000000)
  region size 2048K, 5 young (10240K), 5 survivors (10240K)
 Metaspace       used 107169K, committed 107840K, reserved 983040K
  class space    used 13937K, committed 14272K, reserved 851968K
}
Event: 26.978 GC heap before
{Heap before GC invocations=34 (full 0):
 garbage-first heap   total 178176K, used 144110K [0x0000000700000000, 0x0000000800000000)
  region size 2048K, 33 young (67584K), 5 survivors (10240K)
 Metaspace       used 108727K, committed 109568K, reserved 983040K
  class space    used 14071K, committed 14464K, reserved 851968K
}
Event: 26.984 GC heap after
{Heap after GC invocations=35 (full 0):
 garbage-first heap   total 178176K, used 86729K [0x0000000700000000, 0x0000000800000000)
  region size 2048K, 4 young (8192K), 4 survivors (8192K)
 Metaspace       used 108727K, committed 109568K, reserved 983040K
  class space    used 14071K, committed 14464K, reserved 851968K
}
Event: 27.463 GC heap before
{Heap before GC invocations=35 (full 0):
 garbage-first heap   total 178176K, used 139977K [0x0000000700000000, 0x0000000800000000)
  region size 2048K, 30 young (61440K), 4 survivors (8192K)
 Metaspace       used 109242K, committed 110016K, reserved 983040K
  class space    used 14104K, committed 14464K, reserved 851968K
}
Event: 27.465 GC heap after
{Heap after GC invocations=36 (full 0):
 garbage-first heap   total 178176K, used 81127K [0x0000000700000000, 0x0000000800000000)
  region size 2048K, 1 young (2048K), 1 survivors (2048K)
 Metaspace       used 109242K, committed 110016K, reserved 983040K
  class space    used 14104K, committed 14464K, reserved 851968K
}
Event: 27.837 GC heap before
{Heap before GC invocations=37 (full 0):
 garbage-first heap   total 178176K, used 142567K [0x0000000700000000, 0x0000000800000000)
  region size 2048K, 31 young (63488K), 1 survivors (2048K)
 Metaspace       used 110619K, committed 111360K, reserved 983040K
  class space    used 14308K, committed 14656K, reserved 851968K
}
Event: 27.840 GC heap after
{Heap after GC invocations=38 (full 0):
 garbage-first heap   total 178176K, used 81304K [0x0000000700000000, 0x0000000800000000)
  region size 2048K, 1 young (2048K), 1 survivors (2048K)
 Metaspace       used 110619K, committed 111360K, reserved 983040K
  class space    used 14308K, committed 14656K, reserved 851968K
}
Event: 27.856 GC heap before
{Heap before GC invocations=38 (full 0):
 garbage-first heap   total 178176K, used 87448K [0x0000000700000000, 0x0000000800000000)
  region size 2048K, 4 young (8192K), 1 survivors (2048K)
 Metaspace       used 110619K, committed 111360K, reserved 983040K
  class space    used 14308K, committed 14656K, reserved 851968K
}
Event: 27.859 GC heap after
{Heap after GC invocations=39 (full 0):
 garbage-first heap   total 178176K, used 77660K [0x0000000700000000, 0x0000000800000000)
  region size 2048K, 1 young (2048K), 1 survivors (2048K)
 Metaspace       used 110619K, committed 111360K, reserved 983040K
  class space    used 14308K, committed 14656K, reserved 851968K
}
Event: 29.657 GC heap before
{Heap before GC invocations=39 (full 0):
 garbage-first heap   total 178176K, used 145244K [0x0000000700000000, 0x0000000800000000)
  region size 2048K, 34 young (69632K), 1 survivors (2048K)
 Metaspace       used 120160K, committed 120896K, reserved 983040K
  class space    used 15539K, committed 15872K, reserved 851968K
}
Event: 29.662 GC heap after
{Heap after GC invocations=40 (full 0):
 garbage-first heap   total 178176K, used 82109K [0x0000000700000000, 0x0000000800000000)
  region size 2048K, 3 young (6144K), 3 survivors (6144K)
 Metaspace       used 120160K, committed 120896K, reserved 983040K
  class space    used 15539K, committed 15872K, reserved 851968K
}
Event: 30.482 GC heap before
{Heap before GC invocations=40 (full 0):
 garbage-first heap   total 178176K, used 145597K [0x0000000700000000, 0x0000000800000000)
  region size 2048K, 34 young (69632K), 3 survivors (6144K)
 Metaspace       used 121781K, committed 122624K, reserved 983040K
  class space    used 15758K, committed 16128K, reserved 851968K
}
Event: 30.497 GC heap after
{Heap after GC invocations=41 (full 0):
 garbage-first heap   total 178176K, used 86521K [0x0000000700000000, 0x0000000800000000)
  region size 2048K, 5 young (10240K), 5 survivors (10240K)
 Metaspace       used 121781K, committed 122624K, reserved 983040K
  class space    used 15758K, committed 16128K, reserved 851968K
}
Event: 32.248 GC heap before
{Heap before GC invocations=41 (full 0):
 garbage-first heap   total 178176K, used 143865K [0x0000000700000000, 0x0000000800000000)
  region size 2048K, 33 young (67584K), 5 survivors (10240K)
 Metaspace       used 128078K, committed 128832K, reserved 983040K
  class space    used 16502K, committed 16832K, reserved 851968K
}
Event: 32.255 GC heap after
{Heap after GC invocations=42 (full 0):
 garbage-first heap   total 178176K, used 85180K [0x0000000700000000, 0x0000000800000000)
  region size 2048K, 2 young (4096K), 2 survivors (4096K)
 Metaspace       used 128078K, committed 128832K, reserved 983040K
  class space    used 16502K, committed 16832K, reserved 851968K
}
Event: 59.720 GC heap before
{Heap before GC invocations=42 (full 0):
 garbage-first heap   total 178176K, used 144572K [0x0000000700000000, 0x0000000800000000)
  region size 2048K, 31 young (63488K), 2 survivors (4096K)
 Metaspace       used 132378K, committed 133184K, reserved 983040K
  class space    used 16916K, committed 17280K, reserved 851968K
}
Event: 59.730 GC heap after
{Heap after GC invocations=43 (full 0):
 garbage-first heap   total 178176K, used 90781K [0x0000000700000000, 0x0000000800000000)
  region size 2048K, 4 young (8192K), 4 survivors (8192K)
 Metaspace       used 132378K, committed 133184K, reserved 983040K
  class space    used 16916K, committed 17280K, reserved 851968K
}
Event: 59.987 GC heap before
{Heap before GC invocations=43 (full 0):
 garbage-first heap   total 178176K, used 141981K [0x0000000700000000, 0x0000000800000000)
  region size 2048K, 30 young (61440K), 4 survivors (8192K)
 Metaspace       used 132443K, committed 133248K, reserved 983040K
  class space    used 16920K, committed 17280K, reserved 851968K
}
Event: 59.994 GC heap after
{Heap after GC invocations=44 (full 0):
 garbage-first heap   total 178176K, used 92418K [0x0000000700000000, 0x0000000800000000)
  region size 2048K, 3 young (6144K), 3 survivors (6144K)
 Metaspace       used 132443K, committed 133248K, reserved 983040K
  class space    used 16920K, committed 17280K, reserved 851968K
}
Event: 60.256 GC heap before
{Heap before GC invocations=44 (full 0):
 garbage-first heap   total 178176K, used 147714K [0x0000000700000000, 0x0000000800000000)
  region size 2048K, 30 young (61440K), 3 survivors (6144K)
 Metaspace       used 132450K, committed 133248K, reserved 983040K
  class space    used 16920K, committed 17280K, reserved 851968K
}

Deoptimization events (20 events):
Event: 59.925 Thread 0x0000021e83847790 DEOPT PACKING pc=0x0000021eaa1b9cf0 sp=0x00000053acafb000
Event: 59.925 Thread 0x0000021e83847790 DEOPT UNPACKING pc=0x0000021eb0902b43 sp=0x00000053acafa4e0 mode 0
Event: 59.927 Thread 0x0000021e83847790 DEOPT PACKING pc=0x0000021eaa1b9cf0 sp=0x00000053acafb000
Event: 59.927 Thread 0x0000021e83847790 DEOPT UNPACKING pc=0x0000021eb0902b43 sp=0x00000053acafa4e0 mode 0
Event: 59.930 Thread 0x0000021e8384aa30 DEOPT PACKING pc=0x0000021eaa1b9cf0 sp=0x00000053ac8fb370
Event: 59.930 Thread 0x0000021e8384aa30 DEOPT UNPACKING pc=0x0000021eb0902b43 sp=0x00000053ac8fa850 mode 0
Event: 59.934 Thread 0x0000021e8384aa30 DEOPT PACKING pc=0x0000021eaa1b9cf0 sp=0x00000053ac8fb370
Event: 59.934 Thread 0x0000021e8384aa30 DEOPT UNPACKING pc=0x0000021eb0902b43 sp=0x00000053ac8fa850 mode 0
Event: 60.058 Thread 0x0000021e8384aa30 DEOPT PACKING pc=0x0000021eaa9e10c3 sp=0x00000053ac8fb3c0
Event: 60.058 Thread 0x0000021e8384aa30 DEOPT UNPACKING pc=0x0000021eb0902b43 sp=0x00000053ac8fa878 mode 0
Event: 60.063 Thread 0x0000021e8384aa30 DEOPT PACKING pc=0x0000021eaa9e10c3 sp=0x00000053ac8fb3c0
Event: 60.063 Thread 0x0000021e8384aa30 DEOPT UNPACKING pc=0x0000021eb0902b43 sp=0x00000053ac8fa878 mode 0
Event: 60.069 Thread 0x0000021e8384aa30 DEOPT PACKING pc=0x0000021eaa9e10c3 sp=0x00000053ac8fb3c0
Event: 60.069 Thread 0x0000021e8384aa30 DEOPT UNPACKING pc=0x0000021eb0902b43 sp=0x00000053ac8fa878 mode 0
Event: 60.074 Thread 0x0000021e8384aa30 DEOPT PACKING pc=0x0000021eaa9e10c3 sp=0x00000053ac8fb3c0
Event: 60.074 Thread 0x0000021e8384aa30 DEOPT UNPACKING pc=0x0000021eb0902b43 sp=0x00000053ac8fa878 mode 0
Event: 60.169 Thread 0x0000021e838486c0 Uncommon trap: trap_request=0xffffff6e fr.pc=0x0000021eb15587ac relative=0x00000000000002ec
Event: 60.169 Thread 0x0000021e838486c0 Uncommon trap: reason=loop_limit_check action=maybe_recompile pc=0x0000021eb15587ac method=com.google.common.base.CharMatcher.lastIndexIn(Ljava/lang/CharSequence;)I @ 10 c2
Event: 60.169 Thread 0x0000021e838486c0 DEOPT PACKING pc=0x0000021eb15587ac sp=0x00000053ac6faa30
Event: 60.169 Thread 0x0000021e838486c0 DEOPT UNPACKING pc=0x0000021eb09023a3 sp=0x00000053ac6fa9d8 mode 2

Classes unloaded (0 events):
No events

Classes redefined (0 events):
No events

Internal exceptions (20 events):
Event: 30.323 Thread 0x0000021ec4a691d0 Implicit null exception at 0x0000021eb0ea23d2 to 0x0000021eb0ea29d0
Event: 31.033 Thread 0x0000021ec4a691d0 Exception <a 'sun/nio/fs/WindowsException'{0x00000007091ec6b0}> (0x00000007091ec6b0) 
thrown [s\open\src\hotspot\share\prims\jni.cpp, line 516]
Event: 31.035 Thread 0x0000021ec4a691d0 Exception <a 'sun/nio/fs/WindowsException'{0x00000007091ee538}> (0x00000007091ee538) 
thrown [s\open\src\hotspot\share\prims\jni.cpp, line 516]
Event: 31.038 Thread 0x0000021ec4a691d0 Exception <a 'sun/nio/fs/WindowsException'{0x00000007091f93e0}> (0x00000007091f93e0) 
thrown [s\open\src\hotspot\share\prims\jni.cpp, line 516]
Event: 31.042 Thread 0x0000021ec4a691d0 Exception <a 'sun/nio/fs/WindowsException'{0x0000000708e026e0}> (0x0000000708e026e0) 
thrown [s\open\src\hotspot\share\prims\jni.cpp, line 516]
Event: 31.049 Thread 0x0000021ec4a691d0 Exception <a 'sun/nio/fs/WindowsException'{0x0000000708e10b50}> (0x0000000708e10b50) 
thrown [s\open\src\hotspot\share\prims\jni.cpp, line 516]
Event: 31.172 Thread 0x0000021ec4a691d0 Exception <a 'java/lang/NoSuchMethodError'{0x0000000708c2f188}: static Lorg/gradle/api/internal/catalog/DefaultVersionCatalog;.<clinit>()V> (0x0000000708c2f188) 
thrown [s\open\src\hotspot\share\prims\jni.cpp, line 1112]
Event: 31.179 Thread 0x0000021ec4a691d0 Exception <a 'java/lang/NoSuchMethodError'{0x0000000708c719f8}: static [Ljava/lang/Object;.<clinit>()V> (0x0000000708c719f8) 
thrown [s\open\src\hotspot\share\prims\jni.cpp, line 1112]
Event: 31.183 Thread 0x0000021ec4a691d0 Exception <a 'java/lang/NoSuchMethodError'{0x0000000708caef80}: static Lorg/gradle/api/internal/catalog/DependencyModel;.<clinit>()V> (0x0000000708caef80) 
thrown [s\open\src\hotspot\share\prims\jni.cpp, line 1112]
Event: 31.183 Thread 0x0000021ec4a691d0 Exception <a 'java/lang/NoSuchMethodError'{0x0000000708cb2f78}: static Lorg/gradle/api/internal/catalog/AbstractContextAwareModel;.<clinit>()V> (0x0000000708cb2f78) 
thrown [s\open\src\hotspot\share\prims\jni.cpp, line 1112]
Event: 31.185 Thread 0x0000021ec4a691d0 Exception <a 'java/lang/NoSuchMethodError'{0x0000000708cd0950}: static Lorg/gradle/api/internal/artifacts/dependencies/AbstractVersionConstraint;.<clinit>()V> (0x0000000708cd0950) 
thrown [s\open\src\hotspot\share\prims\jni.cpp, line 1112]
Event: 31.210 Thread 0x0000021ec4a691d0 Exception <a 'java/lang/NoSuchMethodError'{0x0000000708da0f80}: static Lorg/gradle/api/internal/catalog/PluginModel;.<clinit>()V> (0x0000000708da0f80) 
thrown [s\open\src\hotspot\share\prims\jni.cpp, line 1112]
Event: 31.212 Thread 0x0000021ec4a691d0 Exception <a 'java/lang/NoSuchMethodError'{0x0000000708dbc278}: static Lorg/gradle/api/internal/catalog/VersionModel;.<clinit>()V> (0x0000000708dbc278) 
thrown [s\open\src\hotspot\share\prims\jni.cpp, line 1112]
Event: 31.218 Thread 0x0000021ec4a691d0 Exception <a 'java/lang/NoSuchMethodError'{0x0000000708dd6850}: 'void java.lang.invoke.DirectMethodHandle$Holder.invokeSpecial(java.lang.Object, java.lang.Object, java.lang.Object, int)'> (0x0000000708dd6850) 
thrown [s\open\src\hotspot\share\interpreter\linkResolver.cpp, line 759]
Event: 31.330 Thread 0x0000021ec4a691d0 Exception <a 'sun/nio/fs/WindowsException'{0x0000000708975038}> (0x0000000708975038) 
thrown [s\open\src\hotspot\share\prims\jni.cpp, line 516]
Event: 33.067 Thread 0x0000021ec4a691d0 Exception <a 'java/lang/NoSuchMethodError'{0x000000070ab4bf88}: 'void java.lang.invoke.DirectMethodHandle$Holder.invokeVirtual(java.lang.Object, java.lang.Object, long)'> (0x000000070ab4bf88) 
thrown [s\open\src\hotspot\share\interpreter\linkResolver.cpp, line 759]
Event: 33.068 Thread 0x0000021ec4a691d0 Implicit null exception at 0x0000021eb13f6f47 to 0x0000021eb13f70a8
Event: 33.141 Thread 0x0000021ec4a691d0 Exception <a 'java/lang/NoSuchMethodError'{0x000000070a8c7240}: 'int java.lang.invoke.DirectMethodHandle$Holder.invokeSpecial(java.lang.Object, java.lang.Object, int)'> (0x000000070a8c7240) 
thrown [s\open\src\hotspot\share\interpreter\linkResolver.cpp, line 759]
Event: 59.735 Thread 0x0000021ec47bb6d0 Implicit null exception at 0x0000021eb13a3cc0 to 0x0000021eb13a4124
Event: 59.802 Thread 0x0000021e838486c0 Implicit null exception at 0x0000021eb14fac04 to 0x0000021eb14fb5b6

VM Operations (20 events):
Event: 47.284 Executing VM operation: Cleanup done
Event: 48.287 Executing VM operation: Cleanup
Event: 48.288 Executing VM operation: Cleanup done
Event: 50.308 Executing VM operation: Cleanup
Event: 50.309 Executing VM operation: Cleanup done
Event: 58.361 Executing VM operation: Cleanup
Event: 58.362 Executing VM operation: Cleanup done
Event: 59.370 Executing VM operation: Cleanup
Event: 59.371 Executing VM operation: Cleanup done
Event: 59.643 Executing VM operation: HandshakeAllThreads
Event: 59.643 Executing VM operation: HandshakeAllThreads done
Event: 59.719 Executing VM operation: G1CollectForAllocation
Event: 59.720 Executing VM operation: G1CollectForAllocation done
Event: 59.720 Executing VM operation: G1CollectForAllocation
Event: 59.730 Executing VM operation: G1CollectForAllocation done
Event: 59.987 Executing VM operation: G1CollectForAllocation
Event: 59.994 Executing VM operation: G1CollectForAllocation done
Event: 60.236 Executing VM operation: HandshakeAllThreads
Event: 60.236 Executing VM operation: HandshakeAllThreads done
Event: 60.255 Executing VM operation: G1CollectForAllocation

Events (20 events):
Event: 40.065 Thread 0x0000021e8384af40 Thread added: 0x0000021e8384af40
Event: 40.065 Thread 0x0000021e838495f0 Thread added: 0x0000021e838495f0
Event: 40.065 Thread 0x0000021e8384a520 Thread added: 0x0000021e8384a520
Event: 46.526 loading class jdk/internal/misc/ScopedMemoryAccess$Scope$Handle
Event: 46.527 loading class jdk/internal/misc/ScopedMemoryAccess$Scope$Handle done
Event: 59.636 Thread 0x0000021e838486c0 Thread added: 0x0000021e838486c0
Event: 59.640 Thread 0x0000021e838490e0 Thread added: 0x0000021e838490e0
Event: 59.694 Thread 0x0000021e8384aa30 Thread added: 0x0000021e8384aa30
Event: 59.701 Thread 0x0000021efee774a0 Thread added: 0x0000021efee774a0
Event: 59.705 Thread 0x0000021e83847790 Thread added: 0x0000021e83847790
Event: 59.707 Thread 0x0000021e8384b450 Thread added: 0x0000021e8384b450
Event: 59.710 Thread 0x0000021e83849b00 Thread added: 0x0000021e83849b00
Event: 59.713 Thread 0x0000021e8384a010 Thread added: 0x0000021e8384a010
Event: 59.732 Thread 0x0000021efee7cef0 Thread added: 0x0000021efee7cef0
Event: 59.732 loading class sun/security/ssl/Alert
Event: 59.733 loading class sun/security/ssl/Alert done
Event: 59.734 loading class sun/security/ssl/Alert$AlertConsumer
Event: 59.734 loading class sun/security/ssl/Alert$AlertConsumer done
Event: 59.734 loading class sun/security/ssl/Alert$Level
Event: 59.734 loading class sun/security/ssl/Alert$Level done


Dynamic libraries:
0x00007ff6c62e0000 - 0x00007ff6c62f0000 	C:\Program Files\Java\jdk-17\bin\java.exe
0x00007ffa52f40000 - 0x00007ffa531a7000 	C:\WINDOWS\SYSTEM32\ntdll.dll
0x00007ffa51080000 - 0x00007ffa51149000 	C:\WINDOWS\System32\KERNEL32.DLL
0x00007ffa50140000 - 0x00007ffa5052f000 	C:\WINDOWS\System32\KERNELBASE.dll
0x00007ffa50b90000 - 0x00007ffa50cdb000 	C:\WINDOWS\System32\ucrtbase.dll
0x00007ffa3abe0000 - 0x00007ffa3abf9000 	C:\Program Files\Java\jdk-17\bin\jli.dll
0x00007ffa2ec60000 - 0x00007ffa2ec7b000 	C:\Program Files\Java\jdk-17\bin\VCRUNTIME140.dll
0x00007ffa52510000 - 0x00007ffa525c4000 	C:\WINDOWS\System32\ADVAPI32.dll
0x00007ffa516e0000 - 0x00007ffa51789000 	C:\WINDOWS\System32\msvcrt.dll
0x00007ffa52e50000 - 0x00007ffa52ef6000 	C:\WINDOWS\System32\sechost.dll
0x00007ffa51ea0000 - 0x00007ffa51fb8000 	C:\WINDOWS\System32\RPCRT4.dll
0x00007ffa52340000 - 0x00007ffa52505000 	C:\WINDOWS\System32\USER32.dll
0x00007ffa50780000 - 0x00007ffa507a7000 	C:\WINDOWS\System32\win32u.dll
0x00007ffa3b450000 - 0x00007ffa3b6e3000 	C:\WINDOWS\WinSxS\amd64_microsoft.windows.common-controls_6595b64144ccf1df_6.0.26100.7309_none_3e05feeae336a044\COMCTL32.dll
0x00007ffa525d0000 - 0x00007ffa525fb000 	C:\WINDOWS\System32\GDI32.dll
0x00007ffa508f0000 - 0x00007ffa50a1c000 	C:\WINDOWS\System32\gdi32full.dll
0x00007ffa50090000 - 0x00007ffa50133000 	C:\WINDOWS\System32\msvcp_win.dll
0x00007ffa3f460000 - 0x00007ffa3f46b000 	C:\WINDOWS\SYSTEM32\VERSION.dll
0x00007ffa520d0000 - 0x00007ffa52101000 	C:\WINDOWS\System32\IMM32.DLL
0x00007ffa425c0000 - 0x00007ffa425cc000 	C:\Program Files\Java\jdk-17\bin\vcruntime140_1.dll
0x00007ffa1eca0000 - 0x00007ffa1ed2e000 	C:\Program Files\Java\jdk-17\bin\msvcp140.dll
0x00007ff9e7430000 - 0x00007ff9e8010000 	C:\Program Files\Java\jdk-17\bin\server\jvm.dll
0x00007ffa52110000 - 0x00007ffa52118000 	C:\WINDOWS\System32\PSAPI.DLL
0x00007ffa3a190000 - 0x00007ffa3a19a000 	C:\WINDOWS\SYSTEM32\WSOCK32.dll
0x00007ffa42100000 - 0x00007ffa42135000 	C:\WINDOWS\SYSTEM32\WINMM.dll
0x00007ffa52050000 - 0x00007ffa520c4000 	C:\WINDOWS\System32\WS2_32.dll
0x00007ffa4ee00000 - 0x00007ffa4ee1b000 	C:\WINDOWS\SYSTEM32\kernel.appcore.dll
0x00007ffa42190000 - 0x00007ffa4219a000 	C:\Program Files\Java\jdk-17\bin\jimage.dll
0x00007ffa4d9f0000 - 0x00007ffa4dc32000 	C:\WINDOWS\SYSTEM32\DBGHELP.DLL
0x00007ffa50cf0000 - 0x00007ffa51075000 	C:\WINDOWS\System32\combase.dll
0x00007ffa51db0000 - 0x00007ffa51e86000 	C:\WINDOWS\System32\OLEAUT32.dll
0x00007ffa4ad70000 - 0x00007ffa4adac000 	C:\WINDOWS\SYSTEM32\dbgcore.DLL
0x00007ffa507b0000 - 0x00007ffa50855000 	C:\WINDOWS\System32\bcryptPrimitives.dll
0x00007ffa37760000 - 0x00007ffa3776e000 	C:\Program Files\Java\jdk-17\bin\instrument.dll
0x00007ffa2eb50000 - 0x00007ffa2eb75000 	C:\Program Files\Java\jdk-17\bin\java.dll
0x00007ff9fe410000 - 0x00007ff9fe4e7000 	C:\Program Files\Java\jdk-17\bin\jsvml.dll
0x00007ffa52600000 - 0x00007ffa52d53000 	C:\WINDOWS\System32\SHELL32.dll
0x00007ffa50a20000 - 0x00007ffa50b8a000 	C:\WINDOWS\System32\wintypes.dll
0x00007ffa4dc40000 - 0x00007ffa4e49e000 	C:\WINDOWS\SYSTEM32\windows.storage.dll
0x00007ffa515e0000 - 0x00007ffa516d5000 	C:\WINDOWS\System32\SHCORE.dll
0x00007ffa518e0000 - 0x00007ffa51946000 	C:\WINDOWS\System32\shlwapi.dll
0x00007ffa4ffb0000 - 0x00007ffa4ffd9000 	C:\WINDOWS\SYSTEM32\profapi.dll
0x00007ffa261a0000 - 0x00007ffa261b8000 	C:\Program Files\Java\jdk-17\bin\zip.dll
0x00007ffa2c700000 - 0x00007ffa2c719000 	C:\Program Files\Java\jdk-17\bin\net.dll
0x00007ffa42e30000 - 0x00007ffa42f58000 	C:\WINDOWS\SYSTEM32\WINHTTP.dll
0x00007ffa4f350000 - 0x00007ffa4f3bb000 	C:\WINDOWS\system32\mswsock.dll
0x00007ffa2c6e0000 - 0x00007ffa2c6f6000 	C:\Program Files\Java\jdk-17\bin\nio.dll
0x00007ffa3b440000 - 0x00007ffa3b450000 	C:\Program Files\Java\jdk-17\bin\verify.dll
0x00007ffa2eb90000 - 0x00007ffa2ebb7000 	D:\.gradle\native\1def1411415f61bf3af743bc5b6707747c0891f09f0c88961ee8f79bc544acac\windows-amd64\native-platform.dll
0x00007ff9fe2a0000 - 0x00007ff9fe318000 	D:\.gradle\native\0.2.7\x86_64-windows-gnu\gradle-fileevents.dll
0x00007ffa3aca0000 - 0x00007ffa3acaa000 	C:\Program Files\Java\jdk-17\bin\management.dll
0x00007ffa3a8f0000 - 0x00007ffa3a8fb000 	C:\Program Files\Java\jdk-17\bin\management_ext.dll
0x00007ffa4e7f0000 - 0x00007ffa4e824000 	C:\WINDOWS\SYSTEM32\IPHLPAPI.DLL
0x00007ffa51e90000 - 0x00007ffa51e9a000 	C:\WINDOWS\System32\NSI.dll
0x00007ffa46730000 - 0x00007ffa4674e000 	C:\WINDOWS\SYSTEM32\dhcpcsvc6.DLL
0x00007ffa46700000 - 0x00007ffa46723000 	C:\WINDOWS\SYSTEM32\dhcpcsvc.DLL
0x00007ffa4e880000 - 0x00007ffa4e9ac000 	C:\WINDOWS\SYSTEM32\DNSAPI.dll
0x00007ffa4f740000 - 0x00007ffa4f75b000 	C:\WINDOWS\SYSTEM32\CRYPTSP.dll
0x00007ffa4ed60000 - 0x00007ffa4ed9a000 	C:\WINDOWS\system32\rsaenh.dll
0x00007ffa4f400000 - 0x00007ffa4f42b000 	C:\WINDOWS\SYSTEM32\USERENV.dll
0x00007ffa4ff80000 - 0x00007ffa4ffaa000 	C:\WINDOWS\SYSTEM32\bcrypt.dll
0x00007ffa4f5a0000 - 0x00007ffa4f5ac000 	C:\WINDOWS\SYSTEM32\CRYPTBASE.dll
0x00007ffa37220000 - 0x00007ffa3722e000 	C:\Program Files\Java\jdk-17\bin\sunmscapi.dll
0x00007ffa50600000 - 0x00007ffa50777000 	C:\WINDOWS\System32\CRYPT32.dll
0x00007ffa4f890000 - 0x00007ffa4f8c0000 	C:\WINDOWS\SYSTEM32\ncrypt.dll
0x00007ffa4f840000 - 0x00007ffa4f87f000 	C:\WINDOWS\SYSTEM32\NTASN1.dll
0x00007ffa178c0000 - 0x00007ffa178c8000 	C:\WINDOWS\system32\wshunix.dll
0x00007ffa3ecd0000 - 0x00007ffa3ecdb000 	C:\Windows\System32\rasadhlp.dll
0x00007ffa3f5b0000 - 0x00007ffa3f636000 	C:\WINDOWS\System32\fwpuclnt.dll

dbghelp: loaded successfully - version: 4.0.5 - missing functions: none
symbol engine: initialized successfully - sym options: 0x614 - pdb path: .;C:\Program Files\Java\jdk-17\bin;C:\WINDOWS\SYSTEM32;C:\WINDOWS\WinSxS\amd64_microsoft.windows.common-controls_6595b64144ccf1df_6.0.26100.7309_none_3e05feeae336a044;C:\Program Files\Java\jdk-17\bin\server;D:\.gradle\native\1def1411415f61bf3af743bc5b6707747c0891f09f0c88961ee8f79bc544acac\windows-amd64;D:\.gradle\native\0.2.7\x86_64-windows-gnu

VM Arguments:
jvm_args: --add-opens=java.base/java.lang=ALL-UNNAMED --add-opens=java.base/java.lang.invoke=ALL-UNNAMED --add-opens=java.base/java.util=ALL-UNNAMED --add-opens=java.prefs/java.util.prefs=ALL-UNNAMED --add-exports=jdk.compiler/com.sun.tools.javac.api=ALL-UNNAMED --add-exports=jdk.compiler/com.sun.tools.javac.util=ALL-UNNAMED --add-opens=java.base/java.util=ALL-UNNAMED --add-opens=java.prefs/java.util.prefs=ALL-UNNAMED --add-opens=java.base/java.nio.charset=ALL-UNNAMED --add-opens=java.base/java.net=ALL-UNNAMED --add-opens=java.base/java.util.concurrent.atomic=ALL-UNNAMED --add-opens=java.xml/javax.xml.namespace=ALL-UNNAMED -XX:MaxMetaspaceSize=1024m -Xmx4096m -Dfile.encoding=UTF-8 -Duser.country=US -Duser.language=en -Duser.variant -javaagent:D:\.gradle\wrapper\dists\gradle-8.13-bin\5xuhj0ry160q40clulazy9h7d\gradle-8.13\lib\agents\gradle-instrumentation-agent-8.13.jar 
java_command: org.gradle.launcher.daemon.bootstrap.GradleDaemon 8.13
java_class_path (initial): D:\.gradle\wrapper\dists\gradle-8.13-bin\5xuhj0ry160q40clulazy9h7d\gradle-8.13\lib\gradle-daemon-main-8.13.jar
Launcher Type: SUN_STANDARD

[Global flags]
     intx CICompilerCount                          = 4                                         {product} {ergonomic}
   size_t CompressedClassSpaceSize                 = 872415232                                 {product} {ergonomic}
     uint ConcGCThreads                            = 2                                         {product} {ergonomic}
     uint G1ConcRefinementThreads                  = 8                                         {product} {ergonomic}
   size_t G1HeapRegionSize                         = 2097152                                   {product} {ergonomic}
    uintx GCDrainStackTargetSize                   = 64                                        {product} {ergonomic}
   size_t InitialHeapSize                          = 134217728                                 {product} {ergonomic}
   size_t MarkStackSize                            = 4194304                                   {product} {ergonomic}
   size_t MaxHeapSize                              = 4294967296                                {product} {command line}
   size_t MaxMetaspaceSize                         = 1073741824                                {product} {command line}
   size_t MaxNewSize                               = 2575302656                                {product} {ergonomic}
   size_t MinHeapDeltaBytes                        = 2097152                                   {product} {ergonomic}
   size_t MinHeapSize                              = 8388608                                   {product} {ergonomic}
    uintx NonNMethodCodeHeapSize                   = 5839372                                {pd product} {ergonomic}
    uintx NonProfiledCodeHeapSize                  = 122909434                              {pd product} {ergonomic}
    uintx ProfiledCodeHeapSize                     = 122909434                              {pd product} {ergonomic}
    uintx ReservedCodeCacheSize                    = 251658240                              {pd product} {ergonomic}
     bool SegmentedCodeCache                       = true                                      {product} {ergonomic}
   size_t SoftMaxHeapSize                          = 4294967296                             {manageable} {ergonomic}
     bool UseCompressedClassPointers               = true                           {product lp64_product} {ergonomic}
     bool UseCompressedOops                        = true                           {product lp64_product} {ergonomic}
     bool UseG1GC                                  = true                                      {product} {ergonomic}
     bool UseLargePagesIndividualAllocation        = false                                  {pd product} {ergonomic}

Logging:
Log output configuration:
 #0: stdout all=warning uptime,level,tags
 #1: stderr all=off uptime,level,tags

Environment Variables:
CLASSPATH=C:\Users\USER\MiFedha1a14\android\\gradle\wrapper\gradle-wrapper.jar
PATH=C:\Program Files\Common Files\Oracle\Java\javapath;C:\Python313\Scripts\;C:\Python313\;C:\WINDOWS\system32;C:\WINDOWS;C:\WINDOWS\System32\Wbem;C:\WINDOWS\System32\WindowsPowerShell\v1.0\;C:\WINDOWS\System32\OpenSSH\;C:\Program Files\nodejs\;C:\ProgramData\chocolatey\bin;C:\Program Files\Intel\WiFi\bin\;C:\Program Files\Common Files\Intel\WirelessCommon\;C:\Program Files\Git\cmd;adb devices;C:\Users\USER\AppData\Local\Android\Sdk\platform-tools;C:\Users\USER\AppData\Local\Android\Sdk\emulator;C:\Users\USER\AppData\Local\Android\Sdk\tools;C:\Users\USER\AppData\Local\Android\Sdk\tools\bin;C:\Program Files\Amazon\AWSCLIV2\;C:\Users\USER\AppData\Local\Microsoft\WindowsApps;C:\Users\USER\AppData\Roaming\npm;C:\Users\USER\AppData\Local\Programs\Microsoft VS Code\bin;C:\Users\USER\AppData\Local\Android\Sdk\platform-tools;
USERNAME=USER
OS=Windows_NT
PROCESSOR_IDENTIFIER=Intel64 Family 6 Model 142 Stepping 10, GenuineIntel



---------------  S Y S T E M  ---------------

OS:
 Windows 11 , 64 bit Build 26100 (10.0.26100.7309)
OS uptime: 29 days 21:49 hours
Hyper-V role detected

CPU: total 8 (initial active 8) (4 cores per cpu, 2 threads per core) family 6 model 142 stepping 10 microcode 0xf6, cx8, cmov, fxsr, ht, mmx, 3dnowpref, sse, sse2, sse3, ssse3, sse4.1, sse4.2, popcnt, lzcnt, tsc, tscinvbit, avx, avx2, aes, erms, clmul, bmi1, bmi2, rtm, adx, fma, vzeroupper, clflush, clflushopt, hv

Memory: 4k page, system-wide physical 8066M (1464M free)
TotalPageFile size 17547M (AvailPageFile size 3M)
current process WorkingSet (physical memory assigned to process): 514M, peak: 524M
current process commit charge ("private bytes"): 614M, peak: 616M

vm_info: Java HotSpot(TM) 64-Bit Server VM (17.0.12+8-LTS-286) for windows-amd64 JRE (17.0.12+8-LTS-286), built on Jun  5 2024 06:46:59 by "mach5one" with MS VC++ 17.6 (VS2022)

END.
