#
# There is insufficient memory for the Java Runtime Environment to continue.
# Native memory allocation (mmap) failed to map 87031808 bytes for G1 virtual space
# Possible reasons:
#   The system is out of physical RAM or swap space
#   The process is running with CompressedOops enabled, and the Java Heap may be blocking the growth of the native heap
# Possible solutions:
#   Reduce memory load on the system
#   Increase physical memory or swap space
#   Check if swap backing store is full
#   Decrease Java heap size (-Xmx/-Xms)
#   Decrease number of Java threads
#   Decrease Java thread stack sizes (-Xss)
#   Set larger code cache with -XX:ReservedCodeCacheSize=
#   JVM is running with Unscaled Compressed Oops mode in which the Java heap is
#     placed in the first 4GB address space. The Java Heap base address is the
#     maximum limit for the native heap growth. Please use -XX:HeapBaseMinAddress
#     to set the Java Heap base and to place the Java Heap above 4GB virtual address.
# This output file may be truncated or incomplete.
#
#  Out of Memory Error (os_windows.cpp:3548), pid=24412, tid=22448
#
# JRE version: Java(TM) SE Runtime Environment (17.0.12+8) (build 17.0.12+8-LTS-286)
# Java VM: Java HotSpot(TM) 64-Bit Server VM (17.0.12+8-LTS-286, mixed mode, sharing, tiered, compressed oops, compressed class ptrs, g1 gc, windows-amd64)
# No core dump will be written. Minidumps are not enabled by default on client versions of Windows
#

---------------  S U M M A R Y ------------

Command Line: --add-opens=java.base/java.lang=ALL-UNNAMED --add-opens=java.base/java.lang.invoke=ALL-UNNAMED --add-opens=java.base/java.util=ALL-UNNAMED --add-opens=java.prefs/java.util.prefs=ALL-UNNAMED --add-exports=jdk.compiler/com.sun.tools.javac.api=ALL-UNNAMED --add-exports=jdk.compiler/com.sun.tools.javac.util=ALL-UNNAMED --add-opens=java.base/java.util=ALL-UNNAMED --add-opens=java.prefs/java.util.prefs=ALL-UNNAMED --add-opens=java.base/java.nio.charset=ALL-UNNAMED --add-opens=java.base/java.net=ALL-UNNAMED --add-opens=java.base/java.util.concurrent.atomic=ALL-UNNAMED --add-opens=java.xml/javax.xml.namespace=ALL-UNNAMED -XX:MaxMetaspaceSize=512m -Xmx2048m -Dfile.encoding=windows-1252 -Duser.country=US -Duser.language=en -Duser.variant -javaagent:D:\.gradle\wrapper\dists\gradle-8.13-bin\5xuhj0ry160q40clulazy9h7d\gradle-8.13\lib\agents\gradle-instrumentation-agent-8.13.jar org.gradle.launcher.daemon.bootstrap.GradleDaemon 8.13

Host: Intel(R) Core(TM) i5-8350U CPU @ 1.70GHz, 8 cores, 7G,  Windows 11 , 64 bit Build 26100 (10.0.26100.7309)
Time: Sun Jan 11 16:06:02 2026 E. Africa Standard Time elapsed time: 50.861606 seconds (0d 0h 0m 50s)

---------------  T H R E A D  ---------------

Current thread (0x00000202b113be40):  VMThread "VM Thread" [stack: 0x000000c889900000,0x000000c889a00000] [id=22448]

Stack: [0x000000c889900000,0x000000c889a00000]
Native frames: (J=compiled Java code, j=interpreted, Vv=VM code, C=native code)
V  [jvm.dll+0x67a04a]
V  [jvm.dll+0x7da4ed]
V  [jvm.dll+0x7dbe33]
V  [jvm.dll+0x7dc4a3]
V  [jvm.dll+0x24508f]
V  [jvm.dll+0x677089]
V  [jvm.dll+0x66bd32]
V  [jvm.dll+0x301fa6]
V  [jvm.dll+0x309546]
V  [jvm.dll+0x359d2e]
V  [jvm.dll+0x359f5f]
V  [jvm.dll+0x2d9078]
V  [jvm.dll+0x2d74ad]
V  [jvm.dll+0x2d6afc]
V  [jvm.dll+0x31a65b]
V  [jvm.dll+0x7e0d9b]
V  [jvm.dll+0x7e1ad4]
V  [jvm.dll+0x7e1fed]
V  [jvm.dll+0x7e23c4]
V  [jvm.dll+0x7e2490]
V  [jvm.dll+0x78abea]
V  [jvm.dll+0x678f35]
C  [ucrtbase.dll+0x37b0]
C  [KERNEL32.DLL+0x2e8d7]
C  [ntdll.dll+0x8c53c]

VM_Operation (0x000000c88b2f5ef0): G1CollectForAllocation, mode: safepoint, requested by thread 0x00000202d1566330


---------------  P R O C E S S  ---------------

Threads class SMR info:
_java_thread_list=0x00000202d64b5950, length=46, elements={
0x0000020293024440, 0x00000202b113e8c0, 0x00000202b113f390, 0x00000202b1157860,
0x00000202b115a140, 0x00000202b115aa10, 0x00000202b115b2e0, 0x00000202b115bee0,
0x00000202b115e8b0, 0x00000202b115f1c0, 0x00000202b14ca200, 0x00000202b157b9c0,
0x00000202b1a11980, 0x00000202d1343f40, 0x00000202d155dd90, 0x00000202d1239300,
0x00000202d12397e0, 0x00000202d15635a0, 0x00000202d1566330, 0x00000202d1565400,
0x00000202d1563fc0, 0x00000202d15644d0, 0x00000202d1564ef0, 0x00000202d1565e20,
0x00000202d1566840, 0x00000202d2d8f850, 0x00000202d2d8e920, 0x00000202d2d8df00,
0x00000202d2d8ee30, 0x00000202d2d90780, 0x00000202d2d911a0, 0x00000202d2d8e410,
0x00000202d2d92af0, 0x00000202d2d8fd60, 0x00000202d2d93510, 0x00000202d2d93a20,
0x00000202d2d90270, 0x00000202d2d93f30, 0x00000202d5d83140, 0x00000202d5d7f990,
0x00000202d5d85ed0, 0x00000202d5d83650, 0x00000202d3e96b80, 0x00000202d5d83b60,
0x00000202d5d84070, 0x00000202d5824dc0
}

Java Threads: ( => current thread )
  0x0000020293024440 JavaThread "main" [_thread_blocked, id=24552, stack(0x000000c889300000,0x000000c889400000)]
  0x00000202b113e8c0 JavaThread "Reference Handler" daemon [_thread_blocked, id=18024, stack(0x000000c889a00000,0x000000c889b00000)]
  0x00000202b113f390 JavaThread "Finalizer" daemon [_thread_blocked, id=21124, stack(0x000000c889b00000,0x000000c889c00000)]
  0x00000202b1157860 JavaThread "Signal Dispatcher" daemon [_thread_blocked, id=6816, stack(0x000000c889c00000,0x000000c889d00000)]
  0x00000202b115a140 JavaThread "Attach Listener" daemon [_thread_blocked, id=22264, stack(0x000000c889d00000,0x000000c889e00000)]
  0x00000202b115aa10 JavaThread "Service Thread" daemon [_thread_blocked, id=10228, stack(0x000000c889e00000,0x000000c889f00000)]
  0x00000202b115b2e0 JavaThread "Monitor Deflation Thread" daemon [_thread_blocked, id=17544, stack(0x000000c889f00000,0x000000c88a000000)]
  0x00000202b115bee0 JavaThread "C2 CompilerThread0" daemon [_thread_blocked, id=8336, stack(0x000000c88a000000,0x000000c88a100000)]
  0x00000202b115e8b0 JavaThread "C1 CompilerThread0" daemon [_thread_blocked, id=14496, stack(0x000000c88a100000,0x000000c88a200000)]
  0x00000202b115f1c0 JavaThread "Sweeper thread" daemon [_thread_blocked, id=3276, stack(0x000000c88a200000,0x000000c88a300000)]
  0x00000202b14ca200 JavaThread "Common-Cleaner" daemon [_thread_blocked, id=25400, stack(0x000000c88a300000,0x000000c88a400000)]
  0x00000202b157b9c0 JavaThread "Notification Thread" daemon [_thread_blocked, id=6852, stack(0x000000c88a400000,0x000000c88a500000)]
  0x00000202b1a11980 JavaThread "Daemon health stats" [_thread_blocked, id=7056, stack(0x000000c88ab00000,0x000000c88ac00000)]
  0x00000202d1343f40 JavaThread "Incoming local TCP Connector on port 50697" [_thread_in_native, id=2120, stack(0x000000c88ac00000,0x000000c88ad00000)]
  0x00000202d155dd90 JavaThread "Daemon periodic checks" [_thread_blocked, id=3452, stack(0x000000c88ad00000,0x000000c88ae00000)]
  0x00000202d1239300 JavaThread "Daemon" [_thread_blocked, id=12544, stack(0x000000c88af00000,0x000000c88b000000)]
  0x00000202d12397e0 JavaThread "Handler for socket connection from /127.0.0.1:50697 to /127.0.0.1:50698" [_thread_in_native, id=22196, stack(0x000000c88b000000,0x000000c88b100000)]
  0x00000202d15635a0 JavaThread "Cancel handler" [_thread_blocked, id=8384, stack(0x000000c88b100000,0x000000c88b200000)]
  0x00000202d1566330 JavaThread "Daemon worker" [_thread_blocked, id=11916, stack(0x000000c88b200000,0x000000c88b300000)]
  0x00000202d1565400 JavaThread "Asynchronous log dispatcher for DefaultDaemonConnection: socket connection from /127.0.0.1:50697 to /127.0.0.1:50698" [_thread_blocked, id=20176, stack(0x000000c88b300000,0x000000c88b400000)]
  0x00000202d1563fc0 JavaThread "Stdin handler" [_thread_blocked, id=8180, stack(0x000000c88b400000,0x000000c88b500000)]
  0x00000202d15644d0 JavaThread "Daemon client event forwarder" [_thread_blocked, id=7880, stack(0x000000c88b500000,0x000000c88b600000)]
  0x00000202d1564ef0 JavaThread "Cache worker for journal cache (D:\.gradle\caches\journal-1)" [_thread_blocked, id=12028, stack(0x000000c88b600000,0x000000c88b700000)]
  0x00000202d1565e20 JavaThread "File lock request listener" [_thread_in_native, id=23664, stack(0x000000c88b700000,0x000000c88b800000)]
  0x00000202d1566840 JavaThread "Cache worker for file hash cache (D:\.gradle\caches\8.13\fileHashes)" [_thread_blocked, id=19304, stack(0x000000c88b800000,0x000000c88b900000)]
  0x00000202d2d8f850 JavaThread "Cache worker for file hash cache (C:\Users\USER\MiFedha1a14\android\.gradle\8.13\fileHashes)" [_thread_blocked, id=19344, stack(0x000000c88bc00000,0x000000c88bd00000)]
  0x00000202d2d8e920 JavaThread "Cache worker for Build Output Cleanup Cache (C:\Users\USER\MiFedha1a14\android\.gradle\buildOutputCleanup)" [_thread_blocked, id=22456, stack(0x000000c88bd00000,0x000000c88be00000)]
  0x00000202d2d8df00 JavaThread "File watcher server" daemon [_thread_in_native, id=11360, stack(0x000000c88bf00000,0x000000c88c000000)]
  0x00000202d2d8ee30 JavaThread "File watcher consumer" daemon [_thread_blocked, id=20380, stack(0x000000c88c000000,0x000000c88c100000)]
  0x00000202d2d90780 JavaThread "jar transforms" [_thread_blocked, id=16212, stack(0x000000c88c100000,0x000000c88c200000)]
  0x00000202d2d911a0 JavaThread "Cache worker for checksums cache (C:\Users\USER\MiFedha1a14\android\.gradle\8.13\checksums)" [_thread_blocked, id=24120, stack(0x000000c88c200000,0x000000c88c300000)]
  0x00000202d2d8e410 JavaThread "Cache worker for file content cache (D:\.gradle\caches\8.13\fileContent)" [_thread_blocked, id=12020, stack(0x000000c88c300000,0x000000c88c400000)]
  0x00000202d2d92af0 JavaThread "Exec process" [_thread_blocked, id=1740, stack(0x000000c88c400000,0x000000c88c500000)]
  0x00000202d2d8fd60 JavaThread "Exec process Thread 2" [_thread_blocked, id=6108, stack(0x000000c88c500000,0x000000c88c600000)]
  0x00000202d2d93510 JavaThread "Exec process Thread 3" [_thread_blocked, id=4020, stack(0x000000c88c600000,0x000000c88c700000)]
  0x00000202d2d93a20 JavaThread "Cache worker for cache directory md-supplier (D:\.gradle\caches\8.13\md-supplier)" [_thread_blocked, id=11240, stack(0x000000c88c700000,0x000000c88c800000)]
  0x00000202d2d90270 JavaThread "Cache worker for cache directory md-rule (D:\.gradle\caches\8.13\md-rule)" [_thread_blocked, id=24808, stack(0x000000c88c800000,0x000000c88c900000)]
  0x00000202d2d93f30 JavaThread "Cache worker for Build Output Cleanup Cache (C:\Users\USER\MiFedha1a14\node_modules\@react-native\gradle-plugin\.gradle\buildOutputCleanup)" [_thread_blocked, id=20816, stack(0x000000c88c900000,0x000000c88ca00000)]
  0x00000202d5d83140 JavaThread "Unconstrained build operations" [_thread_blocked, id=18832, stack(0x000000c88ae00000,0x000000c88af00000)]
  0x00000202d5d7f990 JavaThread "Unconstrained build operations Thread 2" [_thread_blocked, id=23352, stack(0x000000c88cc00000,0x000000c88cd00000)]
  0x00000202d5d85ed0 JavaThread "Unconstrained build operations Thread 3" [_thread_blocked, id=25644, stack(0x000000c88ce00000,0x000000c88cf00000)]
  0x00000202d5d83650 JavaThread "Unconstrained build operations Thread 4" [_thread_blocked, id=2388, stack(0x000000c88cd00000,0x000000c88ce00000)]
  0x00000202d3e96b80 JavaThread "C2 CompilerThread1" daemon [_thread_blocked, id=22012, stack(0x000000c88cf00000,0x000000c88d000000)]
  0x00000202d5d83b60 JavaThread "Unconstrained build operations Thread 5" [_thread_blocked, id=20724, stack(0x000000c88d000000,0x000000c88d100000)]
  0x00000202d5d84070 JavaThread "Unconstrained build operations Thread 6" [_thread_blocked, id=6308, stack(0x000000c88d100000,0x000000c88d200000)]
  0x00000202d5824dc0 JavaThread "C2 CompilerThread2" daemon [_thread_blocked, id=15492, stack(0x000000c88d200000,0x000000c88d300000)]

Other Threads:
=>0x00000202b113be40 VMThread "VM Thread" [stack: 0x000000c889900000,0x000000c889a00000] [id=22448]
  0x0000020293025080 WatcherThread [stack: 0x000000c88a500000,0x000000c88a600000] [id=18200]
  0x0000020293081bd0 GCTaskThread "GC Thread#0" [stack: 0x000000c889400000,0x000000c889500000] [id=22164]
  0x00000202b19d8f90 GCTaskThread "GC Thread#1" [stack: 0x000000c88a800000,0x000000c88a900000] [id=12880]
  0x00000202b19d7f10 GCTaskThread "GC Thread#2" [stack: 0x000000c88a900000,0x000000c88aa00000] [id=2752]
  0x00000202b19d81d0 GCTaskThread "GC Thread#3" [stack: 0x000000c88a600000,0x000000c88a700000] [id=10396]
  0x00000202b19d8750 GCTaskThread "GC Thread#4" [stack: 0x000000c88a700000,0x000000c88a800000] [id=14888]
  0x00000202b19d8490 GCTaskThread "GC Thread#5" [stack: 0x000000c88aa00000,0x000000c88ab00000] [id=9164]
  0x00000202b19d8cd0 GCTaskThread "GC Thread#6" [stack: 0x000000c88b900000,0x000000c88ba00000] [id=9368]
  0x00000202d434a090 GCTaskThread "GC Thread#7" [stack: 0x000000c88ba00000,0x000000c88bb00000] [id=11108]
  0x0000020293092a30 ConcurrentGCThread "G1 Main Marker" [stack: 0x000000c889500000,0x000000c889600000] [id=6460]
  0x0000020293094020 ConcurrentGCThread "G1 Conc#0" [stack: 0x000000c889600000,0x000000c889700000] [id=5156]
  0x00000202d434ae50 ConcurrentGCThread "G1 Conc#1" [stack: 0x000000c88be00000,0x000000c88bf00000] [id=18616]
  0x00000202930e6c50 ConcurrentGCThread "G1 Refine#0" [stack: 0x000000c889700000,0x000000c889800000] [id=16084]
  0x00000202b0ff5900 ConcurrentGCThread "G1 Service" [stack: 0x000000c889800000,0x000000c889900000] [id=17980]

Threads with active compile tasks:

VM state: at safepoint (normal execution)

VM Mutex/Monitor currently owned by a thread:  ([mutex/lock_event])
[0x0000020293020c00] Threads_lock - owner thread: 0x00000202b113be40
[0x000002029301f850] Heap_lock - owner thread: 0x00000202d1566330

Heap address: 0x0000000080000000, size: 2048 MB, Compressed Oops mode: 32-bit

CDS archive(s) mapped at: [0x00000202b2000000-0x00000202b2bd0000-0x00000202b2bd0000), size 12386304, SharedBaseAddress: 0x00000202b2000000, ArchiveRelocationMode: 1.
Compressed class space mapped at: 0x00000202b3000000-0x00000202cd000000, reserved size: 436207616
Narrow klass base: 0x00000202b2000000, Narrow klass shift: 0, Narrow klass range: 0x100000000

GC Precious Log:
 CPUs: 8 total, 8 available
 Memory: 8066M
 Large Page Support: Disabled
 NUMA Support: Disabled
 Compressed Oops: Enabled (32-bit)
 Heap Region Size: 1M
 Heap Min Capacity: 8M
 Heap Initial Capacity: 128M
 Heap Max Capacity: 2G
 Pre-touch: Disabled
 Parallel Workers: 8
 Concurrent Workers: 2
 Concurrent Refinement Workers: 8
 Periodic GC: Disabled

Heap:
 garbage-first heap   total 320512K, used 89308K [0x0000000080000000, 0x0000000100000000)
  region size 1024K, 2 young (2048K), 2 survivors (2048K)
 Metaspace       used 122368K, committed 123136K, reserved 557056K
  class space    used 15738K, committed 16064K, reserved 425984K

Heap Regions: E=young(eden), S=young(survivor), O=old, HS=humongous(starts), HC=humongous(continues), CS=collection set, F=free, OA=open archive, CA=closed archive, TAMS=top-at-mark-start (previous, next)
|   0|0x0000000080000000, 0x0000000080100000, 0x0000000080100000|100%| O|  |TAMS 0x0000000080100000, 0x0000000080000000| Untracked 
|   1|0x0000000080100000, 0x0000000080200000, 0x0000000080200000|100%|HS|  |TAMS 0x0000000080200000, 0x0000000080100000| Complete 
|   2|0x0000000080200000, 0x0000000080300000, 0x0000000080300000|100%|HC|  |TAMS 0x0000000080300000, 0x0000000080200000| Complete 
|   3|0x0000000080300000, 0x0000000080400000, 0x0000000080400000|100%|HC|  |TAMS 0x0000000080400000, 0x0000000080300000| Complete 
|   4|0x0000000080400000, 0x0000000080500000, 0x0000000080500000|100%| O|  |TAMS 0x0000000080500000, 0x0000000080400000| Untracked 
|   5|0x0000000080500000, 0x0000000080600000, 0x0000000080600000|100%| O|  |TAMS 0x0000000080600000, 0x0000000080500000| Untracked 
|   6|0x0000000080600000, 0x0000000080700000, 0x0000000080700000|100%| O|  |TAMS 0x0000000080700000, 0x0000000080600000| Untracked 
|   7|0x0000000080700000, 0x0000000080800000, 0x0000000080800000|100%|HS|  |TAMS 0x0000000080800000, 0x0000000080700000| Complete 
|   8|0x0000000080800000, 0x0000000080900000, 0x0000000080900000|100%| O|  |TAMS 0x0000000080900000, 0x0000000080800000| Untracked 
|   9|0x0000000080900000, 0x0000000080a00000, 0x0000000080a00000|100%| O|  |TAMS 0x0000000080a00000, 0x0000000080900000| Untracked 
|  10|0x0000000080a00000, 0x0000000080b00000, 0x0000000080b00000|100%| O|  |TAMS 0x0000000080b00000, 0x0000000080a00000| Untracked 
|  11|0x0000000080b00000, 0x0000000080c00000, 0x0000000080c00000|100%| O|  |TAMS 0x0000000080c00000, 0x0000000080b00000| Untracked 
|  12|0x0000000080c00000, 0x0000000080d00000, 0x0000000080d00000|100%| O|  |TAMS 0x0000000080d00000, 0x0000000080c00000| Untracked 
|  13|0x0000000080d00000, 0x0000000080e00000, 0x0000000080e00000|100%| O|  |TAMS 0x0000000080e00000, 0x0000000080d00000| Untracked 
|  14|0x0000000080e00000, 0x0000000080f00000, 0x0000000080f00000|100%| O|  |TAMS 0x0000000080f00000, 0x0000000080e00000| Untracked 
|  15|0x0000000080f00000, 0x0000000081000000, 0x0000000081000000|100%| O|  |TAMS 0x0000000081000000, 0x0000000080f00000| Untracked 
|  16|0x0000000081000000, 0x0000000081100000, 0x0000000081100000|100%| O|  |TAMS 0x0000000081100000, 0x0000000081000000| Untracked 
|  17|0x0000000081100000, 0x0000000081200000, 0x0000000081200000|100%| O|  |TAMS 0x0000000081200000, 0x0000000081100000| Untracked 
|  18|0x0000000081200000, 0x0000000081300000, 0x0000000081300000|100%| O|  |TAMS 0x0000000081300000, 0x0000000081200000| Untracked 
|  19|0x0000000081300000, 0x0000000081400000, 0x0000000081400000|100%| O|  |TAMS 0x0000000081400000, 0x0000000081300000| Untracked 
|  20|0x0000000081400000, 0x0000000081500000, 0x0000000081500000|100%| O|  |TAMS 0x0000000081500000, 0x0000000081400000| Untracked 
|  21|0x0000000081500000, 0x0000000081600000, 0x0000000081600000|100%| O|  |TAMS 0x0000000081600000, 0x0000000081500000| Untracked 
|  22|0x0000000081600000, 0x000000008169f400, 0x0000000081700000| 62%| O|  |TAMS 0x000000008169f400, 0x0000000081600000| Untracked 
|  23|0x0000000081700000, 0x0000000081800000, 0x0000000081800000|100%| O|  |TAMS 0x0000000081800000, 0x0000000081700000| Untracked 
|  24|0x0000000081800000, 0x0000000081900000, 0x0000000081900000|100%| O|  |TAMS 0x0000000081900000, 0x0000000081800000| Untracked 
|  25|0x0000000081900000, 0x0000000081a00000, 0x0000000081a00000|100%| O|  |TAMS 0x0000000081a00000, 0x0000000081900000| Untracked 
|  26|0x0000000081a00000, 0x0000000081b00000, 0x0000000081b00000|100%| O|  |TAMS 0x0000000081b00000, 0x0000000081a00000| Untracked 
|  27|0x0000000081b00000, 0x0000000081c00000, 0x0000000081c00000|100%| O|  |TAMS 0x0000000081c00000, 0x0000000081b00000| Untracked 
|  28|0x0000000081c00000, 0x0000000081d00000, 0x0000000081d00000|100%| O|  |TAMS 0x0000000081d00000, 0x0000000081c00000| Untracked 
|  29|0x0000000081d00000, 0x0000000081e00000, 0x0000000081e00000|100%| O|  |TAMS 0x0000000081e00000, 0x0000000081d00000| Untracked 
|  30|0x0000000081e00000, 0x0000000081f00000, 0x0000000081f00000|100%| O|  |TAMS 0x0000000081f00000, 0x0000000081e00000| Untracked 
|  31|0x0000000081f00000, 0x0000000082000000, 0x0000000082000000|100%| O|  |TAMS 0x0000000082000000, 0x0000000081f00000| Untracked 
|  32|0x0000000082000000, 0x0000000082100000, 0x0000000082100000|100%| O|  |TAMS 0x0000000082100000, 0x0000000082000000| Untracked 
|  33|0x0000000082100000, 0x0000000082200000, 0x0000000082200000|100%| O|  |TAMS 0x0000000082200000, 0x0000000082100000| Untracked 
|  34|0x0000000082200000, 0x0000000082300000, 0x0000000082300000|100%| O|  |TAMS 0x0000000082300000, 0x0000000082200000| Untracked 
|  35|0x0000000082300000, 0x0000000082400000, 0x0000000082400000|100%| O|  |TAMS 0x0000000082400000, 0x0000000082300000| Untracked 
|  36|0x0000000082400000, 0x0000000082500000, 0x0000000082500000|100%| O|  |TAMS 0x0000000082500000, 0x0000000082400000| Untracked 
|  37|0x0000000082500000, 0x0000000082600000, 0x0000000082600000|100%| O|  |TAMS 0x0000000082600000, 0x0000000082500000| Untracked 
|  38|0x0000000082600000, 0x0000000082700000, 0x0000000082700000|100%| O|  |TAMS 0x0000000082700000, 0x0000000082600000| Untracked 
|  39|0x0000000082700000, 0x0000000082700000, 0x0000000082800000|  0%| F|  |TAMS 0x0000000082700000, 0x0000000082700000| Untracked 
|  40|0x0000000082800000, 0x0000000082900000, 0x0000000082900000|100%| O|  |TAMS 0x0000000082900000, 0x0000000082800000| Untracked 
|  41|0x0000000082900000, 0x0000000082900000, 0x0000000082a00000|  0%| F|  |TAMS 0x0000000082900000, 0x0000000082900000| Untracked 
|  42|0x0000000082a00000, 0x0000000082a00000, 0x0000000082b00000|  0%| F|  |TAMS 0x0000000082a00000, 0x0000000082a00000| Untracked 
|  43|0x0000000082b00000, 0x0000000082c00000, 0x0000000082c00000|100%| O|  |TAMS 0x0000000082c00000, 0x0000000082b00000| Untracked 
|  44|0x0000000082c00000, 0x0000000082c00000, 0x0000000082d00000|  0%| F|  |TAMS 0x0000000082c00000, 0x0000000082c00000| Untracked 
|  45|0x0000000082d00000, 0x0000000082e00000, 0x0000000082e00000|100%| O|  |TAMS 0x0000000082e00000, 0x0000000082d00000| Untracked 
|  46|0x0000000082e00000, 0x0000000082f00000, 0x0000000082f00000|100%| O|  |TAMS 0x0000000082f00000, 0x0000000082e00000| Untracked 
|  47|0x0000000082f00000, 0x0000000083000000, 0x0000000083000000|100%| O|  |TAMS 0x0000000082f00000, 0x0000000082f00000| Untracked 
|  48|0x0000000083000000, 0x0000000083100000, 0x0000000083100000|100%| O|  |TAMS 0x0000000083100000, 0x0000000083000000| Untracked 
|  49|0x0000000083100000, 0x0000000083200000, 0x0000000083200000|100%| O|  |TAMS 0x0000000083200000, 0x0000000083100000| Untracked 
|  50|0x0000000083200000, 0x0000000083300000, 0x0000000083300000|100%| O|  |TAMS 0x0000000083300000, 0x0000000083200000| Untracked 
|  51|0x0000000083300000, 0x0000000083400000, 0x0000000083400000|100%| O|  |TAMS 0x0000000083400000, 0x0000000083300000| Untracked 
|  52|0x0000000083400000, 0x0000000083400000, 0x0000000083500000|  0%| F|  |TAMS 0x0000000083400000, 0x0000000083400000| Untracked 
|  53|0x0000000083500000, 0x0000000083500000, 0x0000000083600000|  0%| F|  |TAMS 0x0000000083500000, 0x0000000083500000| Untracked 
|  54|0x0000000083600000, 0x0000000083700000, 0x0000000083700000|100%| O|  |TAMS 0x0000000083700000, 0x0000000083600000| Untracked 
|  55|0x0000000083700000, 0x0000000083800000, 0x0000000083800000|100%| O|  |TAMS 0x0000000083800000, 0x0000000083700000| Untracked 
|  56|0x0000000083800000, 0x0000000083900000, 0x0000000083900000|100%| O|  |TAMS 0x0000000083900000, 0x0000000083800000| Untracked 
|  57|0x0000000083900000, 0x0000000083a00000, 0x0000000083a00000|100%| O|  |TAMS 0x0000000083a00000, 0x0000000083900000| Untracked 
|  58|0x0000000083a00000, 0x0000000083b00000, 0x0000000083b00000|100%| O|  |TAMS 0x0000000083b00000, 0x0000000083a00000| Untracked 
|  59|0x0000000083b00000, 0x0000000083c00000, 0x0000000083c00000|100%| O|  |TAMS 0x0000000083c00000, 0x0000000083b00000| Untracked 
|  60|0x0000000083c00000, 0x0000000083d00000, 0x0000000083d00000|100%| O|  |TAMS 0x0000000083d00000, 0x0000000083c00000| Untracked 
|  61|0x0000000083d00000, 0x0000000083e00000, 0x0000000083e00000|100%| O|  |TAMS 0x0000000083e00000, 0x0000000083d00000| Untracked 
|  62|0x0000000083e00000, 0x0000000083f00000, 0x0000000083f00000|100%|HS|  |TAMS 0x0000000083f00000, 0x0000000083e00000| Complete 
|  63|0x0000000083f00000, 0x0000000084000000, 0x0000000084000000|100%|HC|  |TAMS 0x0000000084000000, 0x0000000083f00000| Complete 
|  64|0x0000000084000000, 0x0000000084100000, 0x0000000084100000|100%|HC|  |TAMS 0x0000000084100000, 0x0000000084000000| Complete 
|  65|0x0000000084100000, 0x0000000084200000, 0x0000000084200000|100%|HC|  |TAMS 0x0000000084200000, 0x0000000084100000| Complete 
|  66|0x0000000084200000, 0x0000000084300000, 0x0000000084300000|100%|HC|  |TAMS 0x0000000084300000, 0x0000000084200000| Complete 
|  67|0x0000000084300000, 0x0000000084400000, 0x0000000084400000|100%|HC|  |TAMS 0x0000000084400000, 0x0000000084300000| Complete 
|  68|0x0000000084400000, 0x0000000084400000, 0x0000000084500000|  0%| F|  |TAMS 0x0000000084400000, 0x0000000084400000| Untracked 
|  69|0x0000000084500000, 0x0000000084600000, 0x0000000084600000|100%| O|  |TAMS 0x0000000084500000, 0x0000000084500000| Untracked 
|  70|0x0000000084600000, 0x0000000084700000, 0x0000000084700000|100%|HS|  |TAMS 0x0000000084700000, 0x0000000084600000| Complete 
|  71|0x0000000084700000, 0x0000000084800000, 0x0000000084800000|100%| O|  |TAMS 0x0000000084800000, 0x0000000084700000| Untracked 
|  72|0x0000000084800000, 0x0000000084800000, 0x0000000084900000|  0%| F|  |TAMS 0x0000000084800000, 0x0000000084800000| Untracked 
|  73|0x0000000084900000, 0x0000000084a00000, 0x0000000084a00000|100%| O|  |TAMS 0x0000000084a00000, 0x0000000084900000| Untracked 
|  74|0x0000000084a00000, 0x0000000084b00000, 0x0000000084b00000|100%| O|  |TAMS 0x0000000084b00000, 0x0000000084a00000| Untracked 
|  75|0x0000000084b00000, 0x0000000084c00000, 0x0000000084c00000|100%| O|  |TAMS 0x0000000084c00000, 0x0000000084b00000| Untracked 
|  76|0x0000000084c00000, 0x0000000084d00000, 0x0000000084d00000|100%| O|  |TAMS 0x0000000084d00000, 0x0000000084c00000| Untracked 
|  77|0x0000000084d00000, 0x0000000084e00000, 0x0000000084e00000|100%| O|  |TAMS 0x0000000084e00000, 0x0000000084d00000| Untracked 
|  78|0x0000000084e00000, 0x0000000084f00000, 0x0000000084f00000|100%| O|  |TAMS 0x0000000084f00000, 0x0000000084e00000| Untracked 
|  79|0x0000000084f00000, 0x0000000085000000, 0x0000000085000000|100%| O|  |TAMS 0x0000000085000000, 0x0000000084f00000| Untracked 
|  80|0x0000000085000000, 0x0000000085100000, 0x0000000085100000|100%| O|  |TAMS 0x000000008500e200, 0x0000000085000000| Untracked 
|  81|0x0000000085100000, 0x0000000085100000, 0x0000000085200000|  0%| F|  |TAMS 0x0000000085100000, 0x0000000085100000| Untracked 
|  82|0x0000000085200000, 0x0000000085200000, 0x0000000085300000|  0%| F|  |TAMS 0x0000000085200000, 0x0000000085200000| Untracked 
|  83|0x0000000085300000, 0x0000000085300000, 0x0000000085400000|  0%| F|  |TAMS 0x0000000085300000, 0x0000000085300000| Untracked 
|  84|0x0000000085400000, 0x0000000085400000, 0x0000000085500000|  0%| F|  |TAMS 0x0000000085400000, 0x0000000085400000| Untracked 
|  85|0x0000000085500000, 0x0000000085500000, 0x0000000085600000|  0%| F|  |TAMS 0x0000000085500000, 0x0000000085500000| Untracked 
|  86|0x0000000085600000, 0x0000000085600000, 0x0000000085700000|  0%| F|  |TAMS 0x0000000085600000, 0x0000000085600000| Untracked 
|  87|0x0000000085700000, 0x0000000085800000, 0x0000000085800000|100%| O|  |TAMS 0x0000000085800000, 0x0000000085700000| Untracked 
|  88|0x0000000085800000, 0x0000000085900000, 0x0000000085900000|100%| O|  |TAMS 0x0000000085900000, 0x0000000085800000| Untracked 
|  89|0x0000000085900000, 0x0000000085a00000, 0x0000000085a00000|100%| O|  |TAMS 0x0000000085a00000, 0x0000000085900000| Untracked 
|  90|0x0000000085a00000, 0x0000000085b00000, 0x0000000085b00000|100%| O|  |TAMS 0x0000000085b00000, 0x0000000085a00000| Untracked 
|  91|0x0000000085b00000, 0x0000000085c00000, 0x0000000085c00000|100%| O|  |TAMS 0x0000000085c00000, 0x0000000085b00000| Untracked 
|  92|0x0000000085c00000, 0x0000000085d00000, 0x0000000085d00000|100%| O|  |TAMS 0x0000000085d00000, 0x0000000085c00000| Untracked 
|  93|0x0000000085d00000, 0x0000000085e00000, 0x0000000085e00000|100%| O|  |TAMS 0x0000000085e00000, 0x0000000085d00000| Untracked 
|  94|0x0000000085e00000, 0x0000000085f00000, 0x0000000085f00000|100%| O|  |TAMS 0x0000000085f00000, 0x0000000085e00000| Untracked 
|  95|0x0000000085f00000, 0x0000000086000000, 0x0000000086000000|100%| O|  |TAMS 0x0000000086000000, 0x0000000085f00000| Untracked 
|  96|0x0000000086000000, 0x0000000086100000, 0x0000000086100000|100%| O|  |TAMS 0x0000000086100000, 0x0000000086000000| Untracked 
|  97|0x0000000086100000, 0x0000000086100000, 0x0000000086200000|  0%| F|  |TAMS 0x0000000086100000, 0x0000000086100000| Untracked 
|  98|0x0000000086200000, 0x0000000086200000, 0x0000000086300000|  0%| F|  |TAMS 0x0000000086200000, 0x0000000086200000| Untracked 
|  99|0x0000000086300000, 0x0000000086300000, 0x0000000086400000|  0%| F|  |TAMS 0x0000000086300000, 0x0000000086300000| Untracked 
| 100|0x0000000086400000, 0x0000000086400000, 0x0000000086500000|  0%| F|  |TAMS 0x0000000086400000, 0x0000000086400000| Untracked 
| 101|0x0000000086500000, 0x0000000086500000, 0x0000000086600000|  0%| F|  |TAMS 0x0000000086500000, 0x0000000086500000| Untracked 
| 102|0x0000000086600000, 0x0000000086600000, 0x0000000086700000|  0%| F|  |TAMS 0x0000000086600000, 0x0000000086600000| Untracked 
| 103|0x0000000086700000, 0x0000000086700000, 0x0000000086800000|  0%| F|  |TAMS 0x0000000086700000, 0x0000000086700000| Untracked 
| 104|0x0000000086800000, 0x0000000086800000, 0x0000000086900000|  0%| F|  |TAMS 0x0000000086800000, 0x0000000086800000| Untracked 
| 105|0x0000000086900000, 0x0000000086900000, 0x0000000086a00000|  0%| F|  |TAMS 0x0000000086900000, 0x0000000086900000| Untracked 
| 106|0x0000000086a00000, 0x0000000086a00000, 0x0000000086b00000|  0%| F|  |TAMS 0x0000000086a00000, 0x0000000086a00000| Untracked 
| 107|0x0000000086b00000, 0x0000000086b00000, 0x0000000086c00000|  0%| F|  |TAMS 0x0000000086b00000, 0x0000000086b00000| Untracked 
| 108|0x0000000086c00000, 0x0000000086c00000, 0x0000000086d00000|  0%| F|  |TAMS 0x0000000086c00000, 0x0000000086c00000| Untracked 
| 109|0x0000000086d00000, 0x0000000086d00000, 0x0000000086e00000|  0%| F|  |TAMS 0x0000000086d00000, 0x0000000086d00000| Untracked 
| 110|0x0000000086e00000, 0x0000000086e00000, 0x0000000086f00000|  0%| F|  |TAMS 0x0000000086e00000, 0x0000000086e00000| Untracked 
| 111|0x0000000086f00000, 0x0000000086f00000, 0x0000000087000000|  0%| F|  |TAMS 0x0000000086f00000, 0x0000000086f00000| Untracked 
| 112|0x0000000087000000, 0x0000000087000000, 0x0000000087100000|  0%| F|  |TAMS 0x0000000087000000, 0x0000000087000000| Untracked 
| 113|0x0000000087100000, 0x0000000087100000, 0x0000000087200000|  0%| F|  |TAMS 0x0000000087100000, 0x0000000087100000| Untracked 
| 114|0x0000000087200000, 0x0000000087200000, 0x0000000087300000|  0%| F|  |TAMS 0x0000000087200000, 0x0000000087200000| Untracked 
| 115|0x0000000087300000, 0x0000000087300000, 0x0000000087400000|  0%| F|  |TAMS 0x0000000087300000, 0x0000000087300000| Untracked 
| 116|0x0000000087400000, 0x0000000087497cf8, 0x0000000087500000| 59%| S|CS|TAMS 0x0000000087400000, 0x0000000087400000| Complete 
| 117|0x0000000087500000, 0x0000000087600000, 0x0000000087600000|100%| S|CS|TAMS 0x0000000087500000, 0x0000000087500000| Complete 
| 118|0x0000000087600000, 0x0000000087600000, 0x0000000087700000|  0%| F|  |TAMS 0x0000000087600000, 0x0000000087600000| Untracked 
| 119|0x0000000087700000, 0x0000000087700000, 0x0000000087800000|  0%| F|  |TAMS 0x0000000087700000, 0x0000000087700000| Untracked 
| 120|0x0000000087800000, 0x0000000087800000, 0x0000000087900000|  0%| F|  |TAMS 0x0000000087800000, 0x0000000087800000| Untracked 
| 121|0x0000000087900000, 0x0000000087900000, 0x0000000087a00000|  0%| F|  |TAMS 0x0000000087900000, 0x0000000087900000| Untracked 
| 122|0x0000000087a00000, 0x0000000087a00000, 0x0000000087b00000|  0%| F|  |TAMS 0x0000000087a00000, 0x0000000087a00000| Untracked 
| 123|0x0000000087b00000, 0x0000000087b00000, 0x0000000087c00000|  0%| F|  |TAMS 0x0000000087b00000, 0x0000000087b00000| Untracked 
| 124|0x0000000087c00000, 0x0000000087c00000, 0x0000000087d00000|  0%| F|  |TAMS 0x0000000087c00000, 0x0000000087c00000| Untracked 
| 125|0x0000000087d00000, 0x0000000087d00000, 0x0000000087e00000|  0%| F|  |TAMS 0x0000000087d00000, 0x0000000087d00000| Untracked 
| 126|0x0000000087e00000, 0x0000000087e00000, 0x0000000087f00000|  0%| F|  |TAMS 0x0000000087e00000, 0x0000000087e00000| Untracked 
| 127|0x0000000087f00000, 0x0000000087f00000, 0x0000000088000000|  0%| F|  |TAMS 0x0000000087f00000, 0x0000000087f00000| Untracked 
| 128|0x0000000088000000, 0x0000000088000000, 0x0000000088100000|  0%| F|  |TAMS 0x0000000088000000, 0x0000000088000000| Untracked 
| 129|0x0000000088100000, 0x0000000088100000, 0x0000000088200000|  0%| F|  |TAMS 0x0000000088100000, 0x0000000088100000| Untracked 
| 130|0x0000000088200000, 0x0000000088200000, 0x0000000088300000|  0%| F|  |TAMS 0x0000000088200000, 0x0000000088200000| Untracked 
| 131|0x0000000088300000, 0x0000000088300000, 0x0000000088400000|  0%| F|  |TAMS 0x0000000088300000, 0x0000000088300000| Untracked 
| 132|0x0000000088400000, 0x0000000088400000, 0x0000000088500000|  0%| F|  |TAMS 0x0000000088400000, 0x0000000088400000| Untracked 
| 133|0x0000000088500000, 0x0000000088500000, 0x0000000088600000|  0%| F|  |TAMS 0x0000000088500000, 0x0000000088500000| Untracked 
| 134|0x0000000088600000, 0x0000000088600000, 0x0000000088700000|  0%| F|  |TAMS 0x0000000088600000, 0x0000000088600000| Untracked 
| 135|0x0000000088700000, 0x0000000088700000, 0x0000000088800000|  0%| F|  |TAMS 0x0000000088700000, 0x0000000088700000| Untracked 
| 136|0x0000000088800000, 0x0000000088800000, 0x0000000088900000|  0%| F|  |TAMS 0x0000000088800000, 0x0000000088800000| Untracked 
| 137|0x0000000088900000, 0x0000000088900000, 0x0000000088a00000|  0%| F|  |TAMS 0x0000000088900000, 0x0000000088900000| Untracked 
| 138|0x0000000088a00000, 0x0000000088a00000, 0x0000000088b00000|  0%| F|  |TAMS 0x0000000088a00000, 0x0000000088a00000| Untracked 
| 139|0x0000000088b00000, 0x0000000088b00000, 0x0000000088c00000|  0%| F|  |TAMS 0x0000000088b00000, 0x0000000088b00000| Untracked 
| 140|0x0000000088c00000, 0x0000000088c00000, 0x0000000088d00000|  0%| F|  |TAMS 0x0000000088c00000, 0x0000000088c00000| Untracked 
| 141|0x0000000088d00000, 0x0000000088d00000, 0x0000000088e00000|  0%| F|  |TAMS 0x0000000088d00000, 0x0000000088d00000| Untracked 
| 142|0x0000000088e00000, 0x0000000088e00000, 0x0000000088f00000|  0%| F|  |TAMS 0x0000000088e00000, 0x0000000088e00000| Untracked 
| 143|0x0000000088f00000, 0x0000000088f00000, 0x0000000089000000|  0%| F|  |TAMS 0x0000000088f00000, 0x0000000088f00000| Untracked 
| 144|0x0000000089000000, 0x0000000089000000, 0x0000000089100000|  0%| F|  |TAMS 0x0000000089000000, 0x0000000089000000| Untracked 
| 145|0x0000000089100000, 0x0000000089100000, 0x0000000089200000|  0%| F|  |TAMS 0x0000000089100000, 0x0000000089100000| Untracked 
| 146|0x0000000089200000, 0x0000000089200000, 0x0000000089300000|  0%| F|  |TAMS 0x0000000089200000, 0x0000000089200000| Untracked 
| 147|0x0000000089300000, 0x0000000089300000, 0x0000000089400000|  0%| F|  |TAMS 0x0000000089300000, 0x0000000089300000| Untracked 
| 148|0x0000000089400000, 0x0000000089400000, 0x0000000089500000|  0%| F|  |TAMS 0x0000000089400000, 0x0000000089400000| Untracked 
| 149|0x0000000089500000, 0x0000000089500000, 0x0000000089600000|  0%| F|  |TAMS 0x0000000089500000, 0x0000000089500000| Untracked 
| 150|0x0000000089600000, 0x0000000089600000, 0x0000000089700000|  0%| F|  |TAMS 0x0000000089600000, 0x0000000089600000| Untracked 
| 151|0x0000000089700000, 0x0000000089700000, 0x0000000089800000|  0%| F|  |TAMS 0x0000000089700000, 0x0000000089700000| Untracked 
| 152|0x0000000089800000, 0x0000000089800000, 0x0000000089900000|  0%| F|  |TAMS 0x0000000089800000, 0x0000000089800000| Untracked 
| 153|0x0000000089900000, 0x0000000089900000, 0x0000000089a00000|  0%| F|  |TAMS 0x0000000089900000, 0x0000000089900000| Untracked 
| 154|0x0000000089a00000, 0x0000000089a00000, 0x0000000089b00000|  0%| F|  |TAMS 0x0000000089a00000, 0x0000000089a00000| Untracked 
| 155|0x0000000089b00000, 0x0000000089b00000, 0x0000000089c00000|  0%| F|  |TAMS 0x0000000089b00000, 0x0000000089b00000| Untracked 
| 156|0x0000000089c00000, 0x0000000089c00000, 0x0000000089d00000|  0%| F|  |TAMS 0x0000000089c00000, 0x0000000089c00000| Untracked 
| 157|0x0000000089d00000, 0x0000000089d00000, 0x0000000089e00000|  0%| F|  |TAMS 0x0000000089d00000, 0x0000000089d00000| Untracked 
| 158|0x0000000089e00000, 0x0000000089e00000, 0x0000000089f00000|  0%| F|  |TAMS 0x0000000089e00000, 0x0000000089e00000| Untracked 
| 159|0x0000000089f00000, 0x0000000089f00000, 0x000000008a000000|  0%| F|  |TAMS 0x0000000089f00000, 0x0000000089f00000| Untracked 
| 160|0x000000008a000000, 0x000000008a000000, 0x000000008a100000|  0%| F|  |TAMS 0x000000008a000000, 0x000000008a000000| Untracked 
| 161|0x000000008a100000, 0x000000008a100000, 0x000000008a200000|  0%| F|  |TAMS 0x000000008a100000, 0x000000008a100000| Untracked 
| 162|0x000000008a200000, 0x000000008a200000, 0x000000008a300000|  0%| F|  |TAMS 0x000000008a200000, 0x000000008a200000| Untracked 
| 163|0x000000008a300000, 0x000000008a300000, 0x000000008a400000|  0%| F|  |TAMS 0x000000008a300000, 0x000000008a300000| Untracked 
| 164|0x000000008a400000, 0x000000008a400000, 0x000000008a500000|  0%| F|  |TAMS 0x000000008a400000, 0x000000008a400000| Untracked 
| 165|0x000000008a500000, 0x000000008a500000, 0x000000008a600000|  0%| F|  |TAMS 0x000000008a500000, 0x000000008a500000| Untracked 
| 166|0x000000008a600000, 0x000000008a600000, 0x000000008a700000|  0%| F|  |TAMS 0x000000008a600000, 0x000000008a600000| Untracked 
| 167|0x000000008a700000, 0x000000008a700000, 0x000000008a800000|  0%| F|  |TAMS 0x000000008a700000, 0x000000008a700000| Untracked 
| 168|0x000000008a800000, 0x000000008a800000, 0x000000008a900000|  0%| F|  |TAMS 0x000000008a800000, 0x000000008a800000| Untracked 
| 169|0x000000008a900000, 0x000000008a900000, 0x000000008aa00000|  0%| F|  |TAMS 0x000000008a900000, 0x000000008a900000| Untracked 
| 170|0x000000008aa00000, 0x000000008aa00000, 0x000000008ab00000|  0%| F|  |TAMS 0x000000008aa00000, 0x000000008aa00000| Untracked 
| 171|0x000000008ab00000, 0x000000008ab00000, 0x000000008ac00000|  0%| F|  |TAMS 0x000000008ab00000, 0x000000008ab00000| Untracked 
| 172|0x000000008ac00000, 0x000000008ac00000, 0x000000008ad00000|  0%| F|  |TAMS 0x000000008ac00000, 0x000000008ac00000| Untracked 
| 173|0x000000008ad00000, 0x000000008ad00000, 0x000000008ae00000|  0%| F|  |TAMS 0x000000008ad00000, 0x000000008ad00000| Untracked 
| 174|0x000000008ae00000, 0x000000008ae00000, 0x000000008af00000|  0%| F|  |TAMS 0x000000008ae00000, 0x000000008ae00000| Untracked 
| 175|0x000000008af00000, 0x000000008af00000, 0x000000008b000000|  0%| F|  |TAMS 0x000000008af00000, 0x000000008af00000| Untracked 
| 176|0x000000008b000000, 0x000000008b000000, 0x000000008b100000|  0%| F|  |TAMS 0x000000008b000000, 0x000000008b000000| Untracked 
| 177|0x000000008b100000, 0x000000008b100000, 0x000000008b200000|  0%| F|  |TAMS 0x000000008b100000, 0x000000008b100000| Untracked 
| 178|0x000000008b200000, 0x000000008b200000, 0x000000008b300000|  0%| F|  |TAMS 0x000000008b200000, 0x000000008b200000| Untracked 
| 179|0x000000008b300000, 0x000000008b300000, 0x000000008b400000|  0%| F|  |TAMS 0x000000008b300000, 0x000000008b300000| Untracked 
| 180|0x000000008b400000, 0x000000008b400000, 0x000000008b500000|  0%| F|  |TAMS 0x000000008b400000, 0x000000008b400000| Untracked 
| 181|0x000000008b500000, 0x000000008b500000, 0x000000008b600000|  0%| F|  |TAMS 0x000000008b500000, 0x000000008b500000| Untracked 
| 182|0x000000008b600000, 0x000000008b600000, 0x000000008b700000|  0%| F|  |TAMS 0x000000008b600000, 0x000000008b600000| Untracked 
| 183|0x000000008b700000, 0x000000008b700000, 0x000000008b800000|  0%| F|  |TAMS 0x000000008b700000, 0x000000008b700000| Untracked 
| 184|0x000000008b800000, 0x000000008b800000, 0x000000008b900000|  0%| F|  |TAMS 0x000000008b800000, 0x000000008b800000| Untracked 
| 185|0x000000008b900000, 0x000000008b900000, 0x000000008ba00000|  0%| F|  |TAMS 0x000000008b900000, 0x000000008b900000| Untracked 
| 186|0x000000008ba00000, 0x000000008ba00000, 0x000000008bb00000|  0%| F|  |TAMS 0x000000008ba00000, 0x000000008ba00000| Untracked 
| 187|0x000000008bb00000, 0x000000008bb00000, 0x000000008bc00000|  0%| F|  |TAMS 0x000000008bb00000, 0x000000008bb00000| Untracked 
| 188|0x000000008bc00000, 0x000000008bc00000, 0x000000008bd00000|  0%| F|  |TAMS 0x000000008bc00000, 0x000000008bc00000| Untracked 
| 189|0x000000008bd00000, 0x000000008bd00000, 0x000000008be00000|  0%| F|  |TAMS 0x000000008bd00000, 0x000000008bd00000| Untracked 
| 190|0x000000008be00000, 0x000000008be00000, 0x000000008bf00000|  0%| F|  |TAMS 0x000000008be00000, 0x000000008be00000| Untracked 
| 191|0x000000008bf00000, 0x000000008bf00000, 0x000000008c000000|  0%| F|  |TAMS 0x000000008bf00000, 0x000000008bf00000| Untracked 
| 192|0x000000008c000000, 0x000000008c000000, 0x000000008c100000|  0%| F|  |TAMS 0x000000008c000000, 0x000000008c000000| Untracked 
| 193|0x000000008c100000, 0x000000008c100000, 0x000000008c200000|  0%| F|  |TAMS 0x000000008c100000, 0x000000008c100000| Untracked 
| 194|0x000000008c200000, 0x000000008c200000, 0x000000008c300000|  0%| F|  |TAMS 0x000000008c200000, 0x000000008c200000| Untracked 
| 195|0x000000008c300000, 0x000000008c300000, 0x000000008c400000|  0%| F|  |TAMS 0x000000008c300000, 0x000000008c300000| Untracked 
| 196|0x000000008c400000, 0x000000008c400000, 0x000000008c500000|  0%| F|  |TAMS 0x000000008c400000, 0x000000008c400000| Untracked 
| 197|0x000000008c500000, 0x000000008c500000, 0x000000008c600000|  0%| F|  |TAMS 0x000000008c500000, 0x000000008c500000| Untracked 
| 198|0x000000008c600000, 0x000000008c600000, 0x000000008c700000|  0%| F|  |TAMS 0x000000008c600000, 0x000000008c600000| Untracked 
| 199|0x000000008c700000, 0x000000008c700000, 0x000000008c800000|  0%| F|  |TAMS 0x000000008c700000, 0x000000008c700000| Untracked 
| 200|0x000000008c800000, 0x000000008c800000, 0x000000008c900000|  0%| F|  |TAMS 0x000000008c800000, 0x000000008c800000| Untracked 
| 201|0x000000008c900000, 0x000000008c900000, 0x000000008ca00000|  0%| F|  |TAMS 0x000000008c900000, 0x000000008c900000| Untracked 
| 202|0x000000008ca00000, 0x000000008ca00000, 0x000000008cb00000|  0%| F|  |TAMS 0x000000008ca00000, 0x000000008ca00000| Untracked 
| 203|0x000000008cb00000, 0x000000008cb00000, 0x000000008cc00000|  0%| F|  |TAMS 0x000000008cb00000, 0x000000008cb00000| Untracked 
| 204|0x000000008cc00000, 0x000000008cc00000, 0x000000008cd00000|  0%| F|  |TAMS 0x000000008cc00000, 0x000000008cc00000| Untracked 
| 205|0x000000008cd00000, 0x000000008cd00000, 0x000000008ce00000|  0%| F|  |TAMS 0x000000008cd00000, 0x000000008cd00000| Untracked 
| 206|0x000000008ce00000, 0x000000008ce00000, 0x000000008cf00000|  0%| F|  |TAMS 0x000000008ce00000, 0x000000008ce00000| Untracked 
| 207|0x000000008cf00000, 0x000000008cf00000, 0x000000008d000000|  0%| F|  |TAMS 0x000000008cf00000, 0x000000008cf00000| Untracked 
| 208|0x000000008d000000, 0x000000008d000000, 0x000000008d100000|  0%| F|  |TAMS 0x000000008d000000, 0x000000008d000000| Untracked 
| 209|0x000000008d100000, 0x000000008d100000, 0x000000008d200000|  0%| F|  |TAMS 0x000000008d100000, 0x000000008d100000| Untracked 
| 210|0x000000008d200000, 0x000000008d200000, 0x000000008d300000|  0%| F|  |TAMS 0x000000008d200000, 0x000000008d200000| Untracked 
| 211|0x000000008d300000, 0x000000008d300000, 0x000000008d400000|  0%| F|  |TAMS 0x000000008d300000, 0x000000008d300000| Untracked 
| 212|0x000000008d400000, 0x000000008d400000, 0x000000008d500000|  0%| F|  |TAMS 0x000000008d400000, 0x000000008d400000| Untracked 
| 213|0x000000008d500000, 0x000000008d500000, 0x000000008d600000|  0%| F|  |TAMS 0x000000008d500000, 0x000000008d500000| Untracked 
| 214|0x000000008d600000, 0x000000008d600000, 0x000000008d700000|  0%| F|  |TAMS 0x000000008d600000, 0x000000008d600000| Untracked 
| 215|0x000000008d700000, 0x000000008d700000, 0x000000008d800000|  0%| F|  |TAMS 0x000000008d700000, 0x000000008d700000| Untracked 
| 216|0x000000008d800000, 0x000000008d800000, 0x000000008d900000|  0%| F|  |TAMS 0x000000008d800000, 0x000000008d800000| Untracked 
| 217|0x000000008d900000, 0x000000008d900000, 0x000000008da00000|  0%| F|  |TAMS 0x000000008d900000, 0x000000008d900000| Untracked 
| 218|0x000000008da00000, 0x000000008da00000, 0x000000008db00000|  0%| F|  |TAMS 0x000000008da00000, 0x000000008da00000| Untracked 
| 219|0x000000008db00000, 0x000000008db00000, 0x000000008dc00000|  0%| F|  |TAMS 0x000000008db00000, 0x000000008db00000| Untracked 
| 220|0x000000008dc00000, 0x000000008dc00000, 0x000000008dd00000|  0%| F|  |TAMS 0x000000008dc00000, 0x000000008dc00000| Untracked 
| 221|0x000000008dd00000, 0x000000008dd00000, 0x000000008de00000|  0%| F|  |TAMS 0x000000008dd00000, 0x000000008dd00000| Untracked 
| 222|0x000000008de00000, 0x000000008de00000, 0x000000008df00000|  0%| F|  |TAMS 0x000000008de00000, 0x000000008de00000| Untracked 
| 223|0x000000008df00000, 0x000000008df00000, 0x000000008e000000|  0%| F|  |TAMS 0x000000008df00000, 0x000000008df00000| Untracked 
| 224|0x000000008e000000, 0x000000008e000000, 0x000000008e100000|  0%| F|  |TAMS 0x000000008e000000, 0x000000008e000000| Untracked 
| 225|0x000000008e100000, 0x000000008e100000, 0x000000008e200000|  0%| F|  |TAMS 0x000000008e100000, 0x000000008e100000| Untracked 
| 226|0x000000008e200000, 0x000000008e200000, 0x000000008e300000|  0%| F|  |TAMS 0x000000008e200000, 0x000000008e200000| Untracked 
| 227|0x000000008e300000, 0x000000008e300000, 0x000000008e400000|  0%| F|  |TAMS 0x000000008e300000, 0x000000008e300000| Untracked 
| 228|0x000000008e400000, 0x000000008e400000, 0x000000008e500000|  0%| F|  |TAMS 0x000000008e400000, 0x000000008e400000| Untracked 
| 229|0x000000008e500000, 0x000000008e500000, 0x000000008e600000|  0%| F|  |TAMS 0x000000008e500000, 0x000000008e500000| Untracked 
| 230|0x000000008e600000, 0x000000008e600000, 0x000000008e700000|  0%| F|  |TAMS 0x000000008e600000, 0x000000008e600000| Untracked 
| 231|0x000000008e700000, 0x000000008e700000, 0x000000008e800000|  0%| F|  |TAMS 0x000000008e700000, 0x000000008e700000| Untracked 
| 232|0x000000008e800000, 0x000000008e800000, 0x000000008e900000|  0%| F|  |TAMS 0x000000008e800000, 0x000000008e800000| Untracked 
| 233|0x000000008e900000, 0x000000008e900000, 0x000000008ea00000|  0%| F|  |TAMS 0x000000008e900000, 0x000000008e900000| Untracked 
| 234|0x000000008ea00000, 0x000000008ea00000, 0x000000008eb00000|  0%| F|  |TAMS 0x000000008ea00000, 0x000000008ea00000| Untracked 
| 235|0x000000008eb00000, 0x000000008eb00000, 0x000000008ec00000|  0%| F|  |TAMS 0x000000008eb00000, 0x000000008eb00000| Untracked 
| 236|0x000000008ec00000, 0x000000008ec00000, 0x000000008ed00000|  0%| F|  |TAMS 0x000000008ec00000, 0x000000008ec00000| Untracked 
| 237|0x000000008ed00000, 0x000000008ed00000, 0x000000008ee00000|  0%| F|  |TAMS 0x000000008ed00000, 0x000000008ed00000| Untracked 
| 238|0x000000008ee00000, 0x000000008ee00000, 0x000000008ef00000|  0%| F|  |TAMS 0x000000008ee00000, 0x000000008ee00000| Untracked 
| 239|0x000000008ef00000, 0x000000008ef00000, 0x000000008f000000|  0%| F|  |TAMS 0x000000008ef00000, 0x000000008ef00000| Untracked 
| 240|0x000000008f000000, 0x000000008f000000, 0x000000008f100000|  0%| F|  |TAMS 0x000000008f000000, 0x000000008f000000| Untracked 
| 241|0x000000008f100000, 0x000000008f100000, 0x000000008f200000|  0%| F|  |TAMS 0x000000008f100000, 0x000000008f100000| Untracked 
| 242|0x000000008f200000, 0x000000008f200000, 0x000000008f300000|  0%| F|  |TAMS 0x000000008f200000, 0x000000008f200000| Untracked 
| 243|0x000000008f300000, 0x000000008f300000, 0x000000008f400000|  0%| F|  |TAMS 0x000000008f300000, 0x000000008f300000| Untracked 
| 244|0x000000008f400000, 0x000000008f400000, 0x000000008f500000|  0%| F|  |TAMS 0x000000008f400000, 0x000000008f400000| Untracked 
| 245|0x000000008f500000, 0x000000008f500000, 0x000000008f600000|  0%| F|  |TAMS 0x000000008f500000, 0x000000008f500000| Untracked 
| 246|0x000000008f600000, 0x000000008f600000, 0x000000008f700000|  0%| F|  |TAMS 0x000000008f600000, 0x000000008f600000| Untracked 
| 247|0x000000008f700000, 0x000000008f700000, 0x000000008f800000|  0%| F|  |TAMS 0x000000008f700000, 0x000000008f700000| Untracked 
| 248|0x000000008f800000, 0x000000008f800000, 0x000000008f900000|  0%| F|  |TAMS 0x000000008f800000, 0x000000008f800000| Untracked 
| 249|0x000000008f900000, 0x000000008f900000, 0x000000008fa00000|  0%| F|  |TAMS 0x000000008f900000, 0x000000008f900000| Untracked 
| 250|0x000000008fa00000, 0x000000008fa00000, 0x000000008fb00000|  0%| F|  |TAMS 0x000000008fa00000, 0x000000008fa00000| Untracked 
| 251|0x000000008fb00000, 0x000000008fb00000, 0x000000008fc00000|  0%| F|  |TAMS 0x000000008fb00000, 0x000000008fb00000| Untracked 
| 252|0x000000008fc00000, 0x000000008fc00000, 0x000000008fd00000|  0%| F|  |TAMS 0x000000008fc00000, 0x000000008fc00000| Untracked 
| 253|0x000000008fd00000, 0x000000008fd00000, 0x000000008fe00000|  0%| F|  |TAMS 0x000000008fd00000, 0x000000008fd00000| Untracked 
| 254|0x000000008fe00000, 0x000000008fe00000, 0x000000008ff00000|  0%| F|  |TAMS 0x000000008fe00000, 0x000000008fe00000| Untracked 
| 255|0x000000008ff00000, 0x000000008ff00000, 0x0000000090000000|  0%| F|  |TAMS 0x000000008ff00000, 0x000000008ff00000| Untracked 
| 256|0x0000000090000000, 0x0000000090000000, 0x0000000090100000|  0%| F|  |TAMS 0x0000000090000000, 0x0000000090000000| Untracked 
| 257|0x0000000090100000, 0x0000000090100000, 0x0000000090200000|  0%| F|  |TAMS 0x0000000090100000, 0x0000000090100000| Untracked 
| 258|0x0000000090200000, 0x0000000090200000, 0x0000000090300000|  0%| F|  |TAMS 0x0000000090200000, 0x0000000090200000| Untracked 
| 259|0x0000000090300000, 0x0000000090300000, 0x0000000090400000|  0%| F|  |TAMS 0x0000000090300000, 0x0000000090300000| Untracked 
| 260|0x0000000090400000, 0x0000000090400000, 0x0000000090500000|  0%| F|  |TAMS 0x0000000090400000, 0x0000000090400000| Untracked 
| 261|0x0000000090500000, 0x0000000090500000, 0x0000000090600000|  0%| F|  |TAMS 0x0000000090500000, 0x0000000090500000| Untracked 
| 262|0x0000000090600000, 0x0000000090600000, 0x0000000090700000|  0%| F|  |TAMS 0x0000000090600000, 0x0000000090600000| Untracked 
| 263|0x0000000090700000, 0x0000000090700000, 0x0000000090800000|  0%| F|  |TAMS 0x0000000090700000, 0x0000000090700000| Untracked 
| 264|0x0000000090800000, 0x0000000090800000, 0x0000000090900000|  0%| F|  |TAMS 0x0000000090800000, 0x0000000090800000| Untracked 
| 265|0x0000000090900000, 0x0000000090900000, 0x0000000090a00000|  0%| F|  |TAMS 0x0000000090900000, 0x0000000090900000| Untracked 
| 266|0x0000000090a00000, 0x0000000090a00000, 0x0000000090b00000|  0%| F|  |TAMS 0x0000000090a00000, 0x0000000090a00000| Untracked 
| 267|0x0000000090b00000, 0x0000000090b00000, 0x0000000090c00000|  0%| F|  |TAMS 0x0000000090b00000, 0x0000000090b00000| Untracked 
| 268|0x0000000090c00000, 0x0000000090c00000, 0x0000000090d00000|  0%| F|  |TAMS 0x0000000090c00000, 0x0000000090c00000| Untracked 
| 269|0x0000000090d00000, 0x0000000090d00000, 0x0000000090e00000|  0%| F|  |TAMS 0x0000000090d00000, 0x0000000090d00000| Untracked 
| 270|0x0000000090e00000, 0x0000000090e00000, 0x0000000090f00000|  0%| F|  |TAMS 0x0000000090e00000, 0x0000000090e00000| Untracked 
| 271|0x0000000090f00000, 0x0000000090f00000, 0x0000000091000000|  0%| F|  |TAMS 0x0000000090f00000, 0x0000000090f00000| Untracked 
| 272|0x0000000091000000, 0x0000000091000000, 0x0000000091100000|  0%| F|  |TAMS 0x0000000091000000, 0x0000000091000000| Untracked 
| 273|0x0000000091100000, 0x0000000091100000, 0x0000000091200000|  0%| F|  |TAMS 0x0000000091100000, 0x0000000091100000| Untracked 
| 274|0x0000000091200000, 0x0000000091200000, 0x0000000091300000|  0%| F|  |TAMS 0x0000000091200000, 0x0000000091200000| Untracked 
| 275|0x0000000091300000, 0x0000000091300000, 0x0000000091400000|  0%| F|  |TAMS 0x0000000091300000, 0x0000000091300000| Untracked 
| 276|0x0000000091400000, 0x0000000091400000, 0x0000000091500000|  0%| F|  |TAMS 0x0000000091400000, 0x0000000091400000| Untracked 
| 277|0x0000000091500000, 0x0000000091500000, 0x0000000091600000|  0%| F|  |TAMS 0x0000000091500000, 0x0000000091500000| Untracked 
| 278|0x0000000091600000, 0x0000000091600000, 0x0000000091700000|  0%| F|  |TAMS 0x0000000091600000, 0x0000000091600000| Untracked 
| 279|0x0000000091700000, 0x0000000091700000, 0x0000000091800000|  0%| F|  |TAMS 0x0000000091700000, 0x0000000091700000| Untracked 
| 280|0x0000000091800000, 0x0000000091800000, 0x0000000091900000|  0%| F|  |TAMS 0x0000000091800000, 0x0000000091800000| Untracked 
| 281|0x0000000091900000, 0x0000000091900000, 0x0000000091a00000|  0%| F|  |TAMS 0x0000000091900000, 0x0000000091900000| Untracked 
| 282|0x0000000091a00000, 0x0000000091a00000, 0x0000000091b00000|  0%| F|  |TAMS 0x0000000091a00000, 0x0000000091a00000| Untracked 
| 283|0x0000000091b00000, 0x0000000091b00000, 0x0000000091c00000|  0%| F|  |TAMS 0x0000000091b00000, 0x0000000091b00000| Untracked 
| 284|0x0000000091c00000, 0x0000000091c00000, 0x0000000091d00000|  0%| F|  |TAMS 0x0000000091c00000, 0x0000000091c00000| Untracked 
| 285|0x0000000091d00000, 0x0000000091d00000, 0x0000000091e00000|  0%| F|  |TAMS 0x0000000091d00000, 0x0000000091d00000| Untracked 
| 286|0x0000000091e00000, 0x0000000091e00000, 0x0000000091f00000|  0%| F|  |TAMS 0x0000000091e00000, 0x0000000091e00000| Untracked 
| 287|0x0000000091f00000, 0x0000000091f00000, 0x0000000092000000|  0%| F|  |TAMS 0x0000000091f00000, 0x0000000091f00000| Untracked 
| 288|0x0000000092000000, 0x0000000092000000, 0x0000000092100000|  0%| F|  |TAMS 0x0000000092000000, 0x0000000092000000| Untracked 
| 289|0x0000000092100000, 0x0000000092100000, 0x0000000092200000|  0%| F|  |TAMS 0x0000000092100000, 0x0000000092100000| Untracked 
| 290|0x0000000092200000, 0x0000000092200000, 0x0000000092300000|  0%| F|  |TAMS 0x0000000092200000, 0x0000000092200000| Untracked 
| 291|0x0000000092300000, 0x0000000092300000, 0x0000000092400000|  0%| F|  |TAMS 0x0000000092300000, 0x0000000092300000| Untracked 
| 292|0x0000000092400000, 0x0000000092400000, 0x0000000092500000|  0%| F|  |TAMS 0x0000000092400000, 0x0000000092400000| Untracked 
| 293|0x0000000092500000, 0x0000000092500000, 0x0000000092600000|  0%| F|  |TAMS 0x0000000092500000, 0x0000000092500000| Untracked 
| 294|0x0000000092600000, 0x0000000092600000, 0x0000000092700000|  0%| F|  |TAMS 0x0000000092600000, 0x0000000092600000| Untracked 
| 295|0x0000000092700000, 0x0000000092700000, 0x0000000092800000|  0%| F|  |TAMS 0x0000000092700000, 0x0000000092700000| Untracked 
| 296|0x0000000092800000, 0x0000000092800000, 0x0000000092900000|  0%| F|  |TAMS 0x0000000092800000, 0x0000000092800000| Untracked 
| 297|0x0000000092900000, 0x0000000092900000, 0x0000000092a00000|  0%| F|  |TAMS 0x0000000092900000, 0x0000000092900000| Untracked 
| 298|0x0000000092a00000, 0x0000000092a00000, 0x0000000092b00000|  0%| F|  |TAMS 0x0000000092a00000, 0x0000000092a00000| Untracked 
| 299|0x0000000092b00000, 0x0000000092b00000, 0x0000000092c00000|  0%| F|  |TAMS 0x0000000092b00000, 0x0000000092b00000| Untracked 
| 300|0x0000000092c00000, 0x0000000092c00000, 0x0000000092d00000|  0%| F|  |TAMS 0x0000000092c00000, 0x0000000092c00000| Untracked 
| 301|0x0000000092d00000, 0x0000000092d00000, 0x0000000092e00000|  0%| F|  |TAMS 0x0000000092d00000, 0x0000000092d00000| Untracked 
| 302|0x0000000092e00000, 0x0000000092e00000, 0x0000000092f00000|  0%| F|  |TAMS 0x0000000092e00000, 0x0000000092e00000| Untracked 
| 303|0x0000000092f00000, 0x0000000092f00000, 0x0000000093000000|  0%| F|  |TAMS 0x0000000092f00000, 0x0000000092f00000| Untracked 
| 304|0x0000000093000000, 0x0000000093000000, 0x0000000093100000|  0%| F|  |TAMS 0x0000000093000000, 0x0000000093000000| Untracked 
| 305|0x0000000093100000, 0x0000000093100000, 0x0000000093200000|  0%| F|  |TAMS 0x0000000093100000, 0x0000000093100000| Untracked 
| 306|0x0000000093200000, 0x0000000093200000, 0x0000000093300000|  0%| F|  |TAMS 0x0000000093200000, 0x0000000093200000| Untracked 
| 307|0x0000000093300000, 0x0000000093300000, 0x0000000093400000|  0%| F|  |TAMS 0x0000000093300000, 0x0000000093300000| Untracked 
| 308|0x0000000093400000, 0x0000000093400000, 0x0000000093500000|  0%| F|  |TAMS 0x0000000093400000, 0x0000000093400000| Untracked 
| 392|0x0000000098800000, 0x0000000098800000, 0x0000000098900000|  0%| F|  |TAMS 0x0000000098800000, 0x0000000098800000| Untracked 
|2045|0x00000000ffd00000, 0x00000000ffe00000, 0x00000000ffe00000|100%| O|  |TAMS 0x00000000ffe00000, 0x00000000ffd00000| Untracked 
|2046|0x00000000ffe00000, 0x00000000fff00000, 0x00000000fff00000|100%| O|  |TAMS 0x00000000fff00000, 0x00000000ffe00000| Untracked 
|2047|0x00000000fff00000, 0x0000000100000000, 0x0000000100000000|100%| O|  |TAMS 0x0000000100000000, 0x00000000fff00000| Untracked 

Card table byte_map: [0x00000202aa010000,0x00000202aa410000] _byte_map_base: 0x00000202a9c10000

Marking Bits (Prev, Next): (CMBitMap*) 0x0000020293082100, (CMBitMap*) 0x0000020293082140
 Prev Bits: [0x00000202aa810000, 0x00000202ac810000)
 Next Bits: [0x00000202ac810000, 0x00000202ae810000)

Polling page: 0x0000020290fb0000

Metaspace:

Usage:
  Non-class:    104.13 MB used.
      Class:     15.37 MB used.
       Both:    119.50 MB used.

Virtual space:
  Non-class space:      128.00 MB reserved,     104.56 MB ( 82%) committed,  2 nodes.
      Class space:      416.00 MB reserved,      15.69 MB (  4%) committed,  1 nodes.
             Both:      544.00 MB reserved,     120.25 MB ( 22%) committed. 

Chunk freelists:
   Non-Class:  6.72 MB
       Class:  224.00 KB
        Both:  6.94 MB

MaxMetaspaceSize: 512.00 MB
CompressedClassSpaceSize: 416.00 MB
Initial GC threshold: 21.00 MB
Current GC threshold: 200.44 MB
CDS: on
MetaspaceReclaimPolicy: balanced
 - commit_granule_bytes: 65536.
 - commit_granule_words: 8192.
 - virtual_space_node_default_size: 8388608.
 - enlarge_chunks_in_place: 1.
 - new_chunks_are_fully_committed: 0.
 - uncommit_free_chunks: 1.
 - use_allocation_guard: 0.
 - handle_deallocations: 1.


Internal statistics:

num_allocs_failed_limit: 24.
num_arena_births: 938.
num_arena_deaths: 2.
num_vsnodes_births: 3.
num_vsnodes_deaths: 0.
num_space_committed: 1922.
num_space_uncommitted: 0.
num_chunks_returned_to_freelist: 29.
num_chunks_taken_from_freelist: 5240.
num_chunk_merges: 13.
num_chunk_splits: 3981.
num_chunks_enlarged: 3240.
num_inconsistent_stats: 0.

CodeHeap 'non-profiled nmethods': size=120000Kb used=8239Kb max_used=8239Kb free=111760Kb
 bounds [0x00000202a23b0000, 0x00000202a2bc0000, 0x00000202a98e0000]
CodeHeap 'profiled nmethods': size=120000Kb used=18398Kb max_used=18398Kb free=101601Kb
 bounds [0x000002029a8e0000, 0x000002029bae0000, 0x00000202a1e10000]
CodeHeap 'non-nmethods': size=5760Kb used=2580Kb max_used=2670Kb free=3179Kb
 bounds [0x00000202a1e10000, 0x00000202a20c0000, 0x00000202a23b0000]
 total_blobs=10915 nmethods=9766 adapters=1058
 compilation: enabled
              stopped_count=0, restarted_count=0
 full_count=0

Compilation events (20 events):
Event: 50.236 Thread 0x00000202d3e96b80 nmethod 12200 0x00000202a2ba5590 code [0x00000202a2ba5740, 0x00000202a2ba60d8]
Event: 50.257 Thread 0x00000202d3e96b80 12202       4       java.lang.invoke.VarHandleGuards::guard_LI_J (78 bytes)
Event: 50.259 Thread 0x00000202b115e8b0 12203       3       com.sun.crypto.provider.GaloisCounterMode::checkInit (67 bytes)
Event: 50.260 Thread 0x00000202b115e8b0 nmethod 12203 0x000002029bad5f90 code [0x000002029bad6180, 0x000002029bad6728]
Event: 50.260 Thread 0x00000202b115e8b0 12204       3       java.util.Formatter$Flags::contains (22 bytes)
Event: 50.261 Thread 0x00000202b115e8b0 nmethod 12204 0x000002029bad6890 code [0x000002029bad6a20, 0x000002029bad6bd8]
Event: 50.261 Thread 0x00000202b115e8b0 12205       1       sun.security.ssl.OutputRecord::isClosed (5 bytes)
Event: 50.261 Thread 0x00000202b115e8b0 nmethod 12205 0x00000202a2ba6410 code [0x00000202a2ba65a0, 0x00000202a2ba6678]
Event: 50.269 Thread 0x00000202b115e8b0 12206       3       com.sun.crypto.provider.CounterMode::<init> (41 bytes)
Event: 50.270 Thread 0x00000202b115e8b0 nmethod 12206 0x000002029bad6c90 code [0x000002029bad6e60, 0x000002029bad73c8]
Event: 50.270 Thread 0x00000202b115e8b0 12207       3       com.sun.crypto.provider.CounterMode::reset (26 bytes)
Event: 50.270 Thread 0x00000202b115e8b0 nmethod 12207 0x000002029bad7510 code [0x000002029bad76c0, 0x000002029bad78a8]
Event: 50.274 Thread 0x00000202d3e96b80 nmethod 12202 0x00000202a2ba6710 code [0x00000202a2ba68e0, 0x00000202a2ba7128]
Event: 50.304 Thread 0x00000202b115bee0 12208       4       java.util.Optional::flatMap (38 bytes)
Event: 50.306 Thread 0x00000202b115bee0 nmethod 12208 0x00000202a2ba7690 code [0x00000202a2ba7820, 0x00000202a2ba7948]
Event: 50.316 Thread 0x00000202b115bee0 12209       4       org.gradle.internal.hash.HashingOutputStream::hash (10 bytes)
Event: 50.320 Thread 0x00000202b115bee0 nmethod 12209 0x00000202a2ba7a90 code [0x00000202a2ba7c40, 0x00000202a2ba81a8]
Event: 50.358 Thread 0x00000202b115bee0 12210       4       org.gradle.api.internal.changedetection.state.FallbackHandlingResourceHasher::hash (50 bytes)
Event: 50.365 Thread 0x00000202b115bee0 nmethod 12210 0x00000202a2ba8510 code [0x00000202a2ba8720, 0x00000202a2ba8db0]
Event: 50.595 Thread 0x00000202d5824dc0 nmethod 12016 0x00000202a2ba9310 code [0x00000202a2ba9ce0, 0x00000202a2bb46c0]

GC Heap History (20 events):
Event: 34.810 GC heap after
{Heap after GC invocations=66 (full 0):
 garbage-first heap   total 227328K, used 78180K [0x0000000080000000, 0x0000000100000000)
  region size 1024K, 3 young (3072K), 3 survivors (3072K)
 Metaspace       used 76941K, committed 77568K, reserved 557056K
  class space    used 10346K, committed 10624K, reserved 425984K
}
Event: 36.217 GC heap before
{Heap before GC invocations=66 (full 0):
 garbage-first heap   total 227328K, used 184676K [0x0000000080000000, 0x0000000100000000)
  region size 1024K, 106 young (108544K), 3 survivors (3072K)
 Metaspace       used 86351K, committed 86976K, reserved 557056K
  class space    used 11533K, committed 11776K, reserved 425984K
}
Event: 36.228 GC heap after
{Heap after GC invocations=67 (full 0):
 garbage-first heap   total 227328K, used 80816K [0x0000000080000000, 0x0000000100000000)
  region size 1024K, 6 young (6144K), 6 survivors (6144K)
 Metaspace       used 86351K, committed 86976K, reserved 557056K
  class space    used 11533K, committed 11776K, reserved 425984K
}
Event: 37.908 GC heap before
{Heap before GC invocations=67 (full 0):
 garbage-first heap   total 227328K, used 184240K [0x0000000080000000, 0x0000000100000000)
  region size 1024K, 107 young (109568K), 6 survivors (6144K)
 Metaspace       used 94757K, committed 95424K, reserved 557056K
  class space    used 12452K, committed 12736K, reserved 425984K
}
Event: 37.916 GC heap after
{Heap after GC invocations=68 (full 0):
 garbage-first heap   total 227328K, used 87949K [0x0000000080000000, 0x0000000100000000)
  region size 1024K, 13 young (13312K), 13 survivors (13312K)
 Metaspace       used 94757K, committed 95424K, reserved 557056K
  class space    used 12452K, committed 12736K, reserved 425984K
}
Event: 39.382 GC heap before
{Heap before GC invocations=68 (full 0):
 garbage-first heap   total 227328K, used 184205K [0x0000000080000000, 0x0000000100000000)
  region size 1024K, 107 young (109568K), 13 survivors (13312K)
 Metaspace       used 108050K, committed 108736K, reserved 557056K
  class space    used 13794K, committed 14080K, reserved 425984K
}
Event: 39.392 GC heap after
{Heap after GC invocations=69 (full 0):
 garbage-first heap   total 227328K, used 90529K [0x0000000080000000, 0x0000000100000000)
  region size 1024K, 3 young (3072K), 3 survivors (3072K)
 Metaspace       used 108050K, committed 108736K, reserved 557056K
  class space    used 13794K, committed 14080K, reserved 425984K
}
Event: 40.053 GC heap before
{Heap before GC invocations=69 (full 0):
 garbage-first heap   total 227328K, used 123297K [0x0000000080000000, 0x0000000100000000)
  region size 1024K, 36 young (36864K), 3 survivors (3072K)
 Metaspace       used 112445K, committed 113088K, reserved 557056K
  class space    used 14416K, committed 14720K, reserved 425984K
}
Event: 40.058 GC heap after
{Heap after GC invocations=70 (full 0):
 garbage-first heap   total 227328K, used 91413K [0x0000000080000000, 0x0000000100000000)
  region size 1024K, 4 young (4096K), 4 survivors (4096K)
 Metaspace       used 112445K, committed 113088K, reserved 557056K
  class space    used 14416K, committed 14720K, reserved 425984K
}
Event: 50.248 GC heap before
{Heap before GC invocations=71 (full 0):
 garbage-first heap   total 227328K, used 186602K [0x0000000080000000, 0x0000000100000000)
  region size 1024K, 98 young (100352K), 4 survivors (4096K)
 Metaspace       used 122341K, committed 123072K, reserved 557056K
  class space    used 15734K, committed 16064K, reserved 425984K
}
Event: 50.256 GC heap after
{Heap after GC invocations=72 (full 0):
 garbage-first heap   total 227328K, used 95339K [0x0000000080000000, 0x0000000100000000)
  region size 1024K, 9 young (9216K), 9 survivors (9216K)
 Metaspace       used 122341K, committed 123072K, reserved 557056K
  class space    used 15734K, committed 16064K, reserved 425984K
}
Event: 50.261 GC heap before
{Heap before GC invocations=72 (full 0):
 garbage-first heap   total 227328K, used 97387K [0x0000000080000000, 0x0000000100000000)
  region size 1024K, 11 young (11264K), 9 survivors (9216K)
 Metaspace       used 122368K, committed 123136K, reserved 557056K
  class space    used 15738K, committed 16064K, reserved 425984K
}
Event: 50.268 GC heap after
{Heap after GC invocations=73 (full 0):
 garbage-first heap   total 227328K, used 94237K [0x0000000080000000, 0x0000000100000000)
  region size 1024K, 2 young (2048K), 2 survivors (2048K)
 Metaspace       used 122368K, committed 123136K, reserved 557056K
  class space    used 15738K, committed 16064K, reserved 425984K
}
Event: 50.450 GC heap before
{Heap before GC invocations=73 (full 0):
 garbage-first heap   total 227328K, used 187421K [0x0000000080000000, 0x0000000100000000)
  region size 1024K, 93 young (95232K), 2 survivors (2048K)
 Metaspace       used 122368K, committed 123136K, reserved 557056K
  class space    used 15738K, committed 16064K, reserved 425984K
}
Event: 50.452 GC heap after
{Heap after GC invocations=74 (full 0):
 garbage-first heap   total 227328K, used 94336K [0x0000000080000000, 0x0000000100000000)
  region size 1024K, 2 young (2048K), 2 survivors (2048K)
 Metaspace       used 122368K, committed 123136K, reserved 557056K
  class space    used 15738K, committed 16064K, reserved 425984K
}
Event: 50.643 GC heap before
{Heap before GC invocations=75 (full 0):
 garbage-first heap   total 227328K, used 189568K [0x0000000080000000, 0x0000000100000000)
  region size 1024K, 95 young (97280K), 2 survivors (2048K)
 Metaspace       used 122368K, committed 123136K, reserved 557056K
  class space    used 15738K, committed 16064K, reserved 425984K
}
Event: 50.645 GC heap after
{Heap after GC invocations=76 (full 0):
 garbage-first heap   total 227328K, used 95606K [0x0000000080000000, 0x0000000100000000)
  region size 1024K, 3 young (3072K), 3 survivors (3072K)
 Metaspace       used 122368K, committed 123136K, reserved 557056K
  class space    used 15738K, committed 16064K, reserved 425984K
}
Event: 50.664 GC heap before
{Heap before GC invocations=76 (full 0):
 garbage-first heap   total 227328K, used 103798K [0x0000000080000000, 0x0000000100000000)
  region size 1024K, 11 young (11264K), 3 survivors (3072K)
 Metaspace       used 122368K, committed 123136K, reserved 557056K
  class space    used 15738K, committed 16064K, reserved 425984K
}
Event: 50.666 GC heap after
{Heap after GC invocations=77 (full 0):
 garbage-first heap   total 227328K, used 88111K [0x0000000080000000, 0x0000000100000000)
  region size 1024K, 1 young (1024K), 1 survivors (1024K)
 Metaspace       used 122368K, committed 123136K, reserved 557056K
  class space    used 15738K, committed 16064K, reserved 425984K
}
Event: 50.846 GC heap before
{Heap before GC invocations=77 (full 0):
 garbage-first heap   total 227328K, used 190511K [0x0000000080000000, 0x0000000100000000)
  region size 1024K, 101 young (103424K), 1 survivors (1024K)
 Metaspace       used 122368K, committed 123136K, reserved 557056K
  class space    used 15738K, committed 16064K, reserved 425984K
}

Deoptimization events (20 events):
Event: 50.086 Thread 0x00000202d1566330 Uncommon trap: trap_request=0xffffff45 fr.pc=0x00000202a25e56a8 relative=0x00000000000000a8
Event: 50.086 Thread 0x00000202d1566330 Uncommon trap: reason=unstable_if action=reinterpret pc=0x00000202a25e56a8 method=org.gradle.internal.instrumentation.agent.DefaultClassFileTransformer.transform(Ljava/lang/ClassLoader;Ljava/lang/String;Ljava/lang/Class;Ljava/security/ProtectionDomain;[B)
Event: 50.086 Thread 0x00000202d1566330 DEOPT PACKING pc=0x00000202a25e56a8 sp=0x000000c88b2f5440
Event: 50.086 Thread 0x00000202d1566330 DEOPT UNPACKING pc=0x00000202a1e623a3 sp=0x000000c88b2f53b0 mode 2
Event: 50.087 Thread 0x00000202d1566330 Uncommon trap: trap_request=0xffffff45 fr.pc=0x00000202a2464910 relative=0x0000000000000cb0
Event: 50.087 Thread 0x00000202d1566330 Uncommon trap: reason=unstable_if action=reinterpret pc=0x00000202a2464910 method=java.util.jar.JarFile.checkForSpecialAttributes()V @ 28 c2
Event: 50.087 Thread 0x00000202d1566330 DEOPT PACKING pc=0x00000202a2464910 sp=0x000000c88b2f50d0
Event: 50.087 Thread 0x00000202d1566330 DEOPT UNPACKING pc=0x00000202a1e623a3 sp=0x000000c88b2f5080 mode 2
Event: 50.088 Thread 0x00000202d1566330 Uncommon trap: trap_request=0xffffff45 fr.pc=0x00000202a25d2a80 relative=0x00000000000001e0
Event: 50.088 Thread 0x00000202d1566330 Uncommon trap: reason=unstable_if action=reinterpret pc=0x00000202a25d2a80 method=sun.instrument.TransformerManager.transform(Ljava/lang/Module;Ljava/lang/ClassLoader;Ljava/lang/String;Ljava/lang/Class;Ljava/security/ProtectionDomain;[B)[B @ 66 c2
Event: 50.088 Thread 0x00000202d1566330 DEOPT PACKING pc=0x00000202a25d2a80 sp=0x000000c88b2f5480
Event: 50.088 Thread 0x00000202d1566330 DEOPT UNPACKING pc=0x00000202a1e623a3 sp=0x000000c88b2f5398 mode 2
Event: 50.113 Thread 0x00000202d1566330 Uncommon trap: trap_request=0xffffff45 fr.pc=0x00000202a25d2338 relative=0x0000000000000198
Event: 50.113 Thread 0x00000202d1566330 Uncommon trap: reason=unstable_if action=reinterpret pc=0x00000202a25d2338 method=sun.instrument.TransformerManager.transform(Ljava/lang/Module;Ljava/lang/ClassLoader;Ljava/lang/String;Ljava/lang/Class;Ljava/security/ProtectionDomain;[B)[B @ 66 c2
Event: 50.113 Thread 0x00000202d1566330 DEOPT PACKING pc=0x00000202a25d2338 sp=0x000000c88b2f48c0
Event: 50.113 Thread 0x00000202d1566330 DEOPT UNPACKING pc=0x00000202a1e623a3 sp=0x000000c88b2f4870 mode 2
Event: 50.257 Thread 0x00000202b113f390 Uncommon trap: trap_request=0xffffff45 fr.pc=0x00000202a2b56c40 relative=0x0000000000000640
Event: 50.257 Thread 0x00000202b113f390 Uncommon trap: reason=unstable_if action=reinterpret pc=0x00000202a2b56c40 method=java.lang.ThreadLocal.get()Ljava/lang/Object; @ 11 c2
Event: 50.257 Thread 0x00000202b113f390 DEOPT PACKING pc=0x00000202a2b56c40 sp=0x000000c889bfe8b0
Event: 50.257 Thread 0x00000202b113f390 DEOPT UNPACKING pc=0x00000202a1e623a3 sp=0x000000c889bfe810 mode 2

Classes unloaded (6 events):
Event: 40.135 Thread 0x00000202b113be40 Unloading class 0x00000202b35317d0 '_BuildScript_$_run_closure2'
Event: 40.135 Thread 0x00000202b113be40 Unloading class 0x00000202b35313e8 '_BuildScript_$_run_closure1$_closure5'
Event: 40.135 Thread 0x00000202b113be40 Unloading class 0x00000202b3531000 '_BuildScript_$_run_closure1$_closure4'
Event: 40.135 Thread 0x00000202b113be40 Unloading class 0x00000202b3530918 '_BuildScript_$_run_closure1$_closure3'
Event: 40.135 Thread 0x00000202b113be40 Unloading class 0x00000202b3530530 '_BuildScript_$_run_closure1'
Event: 40.135 Thread 0x00000202b113be40 Unloading class 0x00000202b3530000 '_BuildScript_'

Classes redefined (0 events):
No events

Internal exceptions (20 events):
Event: 39.279 Thread 0x00000202d1566330 Exception <a 'sun/nio/fs/WindowsException'{0x00000000881c5370}> (0x00000000881c5370) 
thrown [s\open\src\hotspot\share\prims\jni.cpp, line 516]
Event: 39.282 Thread 0x00000202d1566330 Exception <a 'sun/nio/fs/WindowsException'{0x00000000881ceeb0}> (0x00000000881ceeb0) 
thrown [s\open\src\hotspot\share\prims\jni.cpp, line 516]
Event: 39.408 Thread 0x00000202d1566330 Exception <a 'java/lang/NoSuchMethodError'{0x0000000093406338}: 'void java.lang.invoke.DirectMethodHandle$Holder.invokeStatic(java.lang.Object, java.lang.Object, long, java.lang.Object)'> (0x0000000093406338) 
thrown [s\open\src\hotspot\share\interpreter\linkResolver.cpp, line 759]
Event: 39.440 Thread 0x00000202d1566330 Exception <a 'java/lang/NoSuchMethodError'{0x0000000093387620}: 'int java.lang.invoke.DirectMethodHandle$Holder.invokeInterface(java.lang.Object, java.lang.Object, java.lang.Object, java.lang.Object)'> (0x0000000093387620) 
thrown [s\open\src\hotspot\share\interpreter\linkResolver.cpp, line 759]
Event: 39.483 Thread 0x00000202d1566330 Exception <a 'java/lang/NoSuchMethodError'{0x00000000931d9b38}: 'java.lang.Object java.lang.invoke.DirectMethodHandle$Holder.invokeStatic(java.lang.Object, long, java.lang.Object)'> (0x00000000931d9b38) 
thrown [s\open\src\hotspot\share\interpreter\linkResolver.cpp, line 759]
Event: 39.489 Thread 0x00000202d1566330 Exception <a 'java/lang/NoSuchMethodError'{0x0000000093050c10}: 'java.lang.Object java.lang.invoke.Invokers$Holder.linkToTargetMethod(java.lang.Object, java.lang.Object, java.lang.Object, java.lang.Object, long, java.lang.Object, java.lang.Object)'> (0x0000000093050c10) 
thrown [s\open\src\hotspot\share\interpreter\linkResolver.cpp, line 759]
Event: 39.493 Thread 0x00000202d1566330 Exception <a 'java/lang/NoSuchMethodError'{0x0000000093097588}: 'java.lang.Object java.lang.invoke.DirectMethodHandle$Holder.newInvokeSpecial(java.lang.Object, java.lang.Object, java.lang.Object, long, java.lang.Object)'> (0x0000000093097588) 
thrown [s\open\src\hotspot\share\interpreter\linkResolver.cpp, line 759]
Event: 39.493 Thread 0x00000202d1566330 Exception <a 'java/lang/NoSuchMethodError'{0x000000009309c978}: 'java.lang.Object java.lang.invoke.DirectMethodHandle$Holder.invokeSpecial(java.lang.Object, java.lang.Object, java.lang.Object, java.lang.Object, long, java.lang.Object)'> (0x000000009309c978) 
thrown [s\open\src\hotspot\share\interpreter\linkResolver.cpp, line 759]
Event: 39.493 Thread 0x00000202d1566330 Exception <a 'java/lang/NoSuchMethodError'{0x00000000930a16b0}: 'java.lang.Object java.lang.invoke.Invokers$Holder.linkToTargetMethod(java.lang.Object, java.lang.Object, long, java.lang.Object, java.lang.Object)'> (0x00000000930a16b0) 
thrown [s\open\src\hotspot\share\interpreter\linkResolver.cpp, line 759]
Event: 39.720 Thread 0x00000202d1566330 Exception <a 'java/lang/NoSuchMethodError'{0x000000008cb98f58}: 'java.lang.Object java.lang.invoke.DirectMethodHandle$Holder.newInvokeSpecial(java.lang.Object, int, java.lang.Object)'> (0x000000008cb98f58) 
thrown [s\open\src\hotspot\share\interpreter\linkResolver.cpp, line 759]
Event: 39.998 Thread 0x00000202d1566330 Exception <a 'sun/nio/fs/WindowsException'{0x000000008bc8b318}> (0x000000008bc8b318) 
thrown [s\open\src\hotspot\share\prims\jni.cpp, line 516]
Event: 43.058 Thread 0x00000202d1566330 Exception <a 'java/lang/NoSuchMethodError'{0x000000008c5a8680}: 'void java.lang.invoke.DirectMethodHandle$Holder.invokeVirtual(java.lang.Object, java.lang.Object, long)'> (0x000000008c5a8680) 
thrown [s\open\src\hotspot\share\interpreter\linkResolver.cpp, line 759]
Event: 43.100 Thread 0x00000202d1566330 Exception <a 'java/lang/NoSuchMethodError'{0x000000008c358a58}: 'int java.lang.invoke.DirectMethodHandle$Holder.invokeSpecial(java.lang.Object, java.lang.Object, int)'> (0x000000008c358a58) 
thrown [s\open\src\hotspot\share\interpreter\linkResolver.cpp, line 759]
Event: 43.241 Thread 0x00000202d1566330 Exception <a 'java/lang/NoSuchMethodError'{0x000000008bc209c0}: 'void java.lang.invoke.DirectMethodHandle$Holder.invokeStatic(java.lang.Object, java.lang.Object, java.lang.Object, int, java.lang.Object)'> (0x000000008bc209c0) 
thrown [s\open\src\hotspot\share\interpreter\linkResolver.cpp, line 759]
Event: 43.264 Thread 0x00000202d1566330 Exception <a 'java/lang/NoSuchMethodError'{0x000000008ba0f470}: 'int java.lang.invoke.DirectMethodHandle$Holder.invokeInterface(java.lang.Object, java.lang.Object, java.lang.Object, java.lang.Object, java.lang.Object)'> (0x000000008ba0f470) 
thrown [s\open\src\hotspot\share\interpreter\linkResolver.cpp, line 759]
Event: 43.609 Thread 0x00000202d1566330 Exception <a 'java/lang/NoSuchMethodError'{0x000000008b4e1a60}: 'java.lang.Object java.lang.invoke.DirectMethodHandle$Holder.invokeSpecial(java.lang.Object, java.lang.Object, long, java.lang.Object, java.lang.Object)'> (0x000000008b4e1a60) 
thrown [s\open\src\hotspot\share\interpreter\linkResolver.cpp, line 759]
Event: 49.705 Thread 0x00000202d1566330 Exception <a 'java/lang/NoSuchMethodError'{0x000000008a2bb270}: 'java.lang.Object java.lang.invoke.DirectMethodHandle$Holder.invokeSpecialIFC(java.lang.Object, java.lang.Object, java.lang.Object)'> (0x000000008a2bb270) 
thrown [s\open\src\hotspot\share\interpreter\linkResolver.cpp, line 759]
Event: 49.863 Thread 0x00000202d5d83b60 Exception <a 'sun/nio/fs/WindowsException'{0x0000000089e3f6a0}> (0x0000000089e3f6a0) 
thrown [s\open\src\hotspot\share\prims\jni.cpp, line 516]
Event: 49.863 Thread 0x00000202d1566330 Exception <a 'sun/nio/fs/WindowsException'{0x0000000089e69bc8}> (0x0000000089e69bc8) 
thrown [s\open\src\hotspot\share\prims\jni.cpp, line 516]
Event: 50.257 Thread 0x00000202b113f390 Implicit null exception at 0x00000202a2b56637 to 0x00000202a2b56c28

VM Operations (20 events):
Event: 48.632 Executing VM operation: Cleanup done
Event: 49.633 Executing VM operation: Cleanup
Event: 49.633 Executing VM operation: Cleanup done
Event: 49.977 Executing VM operation: ICBufferFull
Event: 49.978 Executing VM operation: ICBufferFull done
Event: 50.248 Executing VM operation: G1CollectForAllocation
Event: 50.256 Executing VM operation: G1CollectForAllocation done
Event: 50.261 Executing VM operation: G1CollectForAllocation
Event: 50.268 Executing VM operation: G1CollectForAllocation done
Event: 50.449 Executing VM operation: G1CollectForAllocation
Event: 50.452 Executing VM operation: G1CollectForAllocation done
Event: 50.505 Executing VM operation: G1Concurrent
Event: 50.515 Executing VM operation: G1Concurrent done
Event: 50.548 Executing VM operation: G1Concurrent
Event: 50.548 Executing VM operation: G1Concurrent done
Event: 50.643 Executing VM operation: G1CollectForAllocation
Event: 50.645 Executing VM operation: G1CollectForAllocation done
Event: 50.664 Executing VM operation: G1CollectForAllocation
Event: 50.666 Executing VM operation: G1CollectForAllocation done
Event: 50.846 Executing VM operation: G1CollectForAllocation

Events (20 events):
Event: 47.127 loading class com/sun/org/apache/xerces/internal/dom/CommentImpl done
Event: 47.127 loading class com/sun/org/apache/xerces/internal/dom/DeferredCommentImpl done
Event: 48.565 Thread 0x00000202d5d83140 Thread added: 0x00000202d5d83140
Event: 48.565 Thread 0x00000202d5d7f990 Thread added: 0x00000202d5d7f990
Event: 49.324 Thread 0x00000202d5823dd0 Thread added: 0x00000202d5823dd0
Event: 49.567 Thread 0x00000202d5d85ed0 Thread added: 0x00000202d5d85ed0
Event: 49.569 Thread 0x00000202d5823dd0 Thread exited: 0x00000202d5823dd0
Event: 49.570 Thread 0x00000202d5d83650 Thread added: 0x00000202d5d83650
Event: 49.597 Thread 0x00000202d3e96b80 Thread added: 0x00000202d3e96b80
Event: 49.706 Thread 0x00000202d5d83b60 Thread added: 0x00000202d5d83b60
Event: 49.706 Thread 0x00000202d5d84070 Thread added: 0x00000202d5d84070
Event: 49.768 Thread 0x00000202d5824dc0 Thread added: 0x00000202d5824dc0
Event: 50.061 loading class java/util/stream/SortedOps$SizedRefSortingSink
Event: 50.061 loading class java/util/stream/SortedOps$SizedRefSortingSink done
Event: 50.256 loading class sun/security/ssl/Alert
Event: 50.257 loading class sun/security/ssl/Alert done
Event: 50.257 loading class sun/security/ssl/Alert$AlertConsumer
Event: 50.257 loading class sun/security/ssl/Alert$AlertConsumer done
Event: 50.257 loading class sun/security/ssl/Alert$Level
Event: 50.257 loading class sun/security/ssl/Alert$Level done


Dynamic libraries:
0x00007ff6c62e0000 - 0x00007ff6c62f0000 	C:\Program Files\Java\jdk-17\bin\java.exe
0x00007ffa52f40000 - 0x00007ffa531a7000 	C:\WINDOWS\SYSTEM32\ntdll.dll
0x00007ffa51080000 - 0x00007ffa51149000 	C:\WINDOWS\System32\KERNEL32.DLL
0x00007ffa50140000 - 0x00007ffa5052f000 	C:\WINDOWS\System32\KERNELBASE.dll
0x00007ffa50b90000 - 0x00007ffa50cdb000 	C:\WINDOWS\System32\ucrtbase.dll
0x00007ffa3abe0000 - 0x00007ffa3abf9000 	C:\Program Files\Java\jdk-17\bin\jli.dll
0x00007ffa2ec60000 - 0x00007ffa2ec7b000 	C:\Program Files\Java\jdk-17\bin\VCRUNTIME140.dll
0x00007ffa52510000 - 0x00007ffa525c4000 	C:\WINDOWS\System32\ADVAPI32.dll
0x00007ffa516e0000 - 0x00007ffa51789000 	C:\WINDOWS\System32\msvcrt.dll
0x00007ffa52e50000 - 0x00007ffa52ef6000 	C:\WINDOWS\System32\sechost.dll
0x00007ffa51ea0000 - 0x00007ffa51fb8000 	C:\WINDOWS\System32\RPCRT4.dll
0x00007ffa52340000 - 0x00007ffa52505000 	C:\WINDOWS\System32\USER32.dll
0x00007ffa3b450000 - 0x00007ffa3b6e3000 	C:\WINDOWS\WinSxS\amd64_microsoft.windows.common-controls_6595b64144ccf1df_6.0.26100.7309_none_3e05feeae336a044\COMCTL32.dll
0x00007ffa50780000 - 0x00007ffa507a7000 	C:\WINDOWS\System32\win32u.dll
0x00007ffa525d0000 - 0x00007ffa525fb000 	C:\WINDOWS\System32\GDI32.dll
0x00007ffa508f0000 - 0x00007ffa50a1c000 	C:\WINDOWS\System32\gdi32full.dll
0x00007ffa50090000 - 0x00007ffa50133000 	C:\WINDOWS\System32\msvcp_win.dll
0x00007ffa3f460000 - 0x00007ffa3f46b000 	C:\WINDOWS\SYSTEM32\VERSION.dll
0x00007ffa520d0000 - 0x00007ffa52101000 	C:\WINDOWS\System32\IMM32.DLL
0x00007ffa425c0000 - 0x00007ffa425cc000 	C:\Program Files\Java\jdk-17\bin\vcruntime140_1.dll
0x00007ffa1eca0000 - 0x00007ffa1ed2e000 	C:\Program Files\Java\jdk-17\bin\msvcp140.dll
0x00007ff9e7430000 - 0x00007ff9e8010000 	C:\Program Files\Java\jdk-17\bin\server\jvm.dll
0x00007ffa52110000 - 0x00007ffa52118000 	C:\WINDOWS\System32\PSAPI.DLL
0x00007ffa3a190000 - 0x00007ffa3a19a000 	C:\WINDOWS\SYSTEM32\WSOCK32.dll
0x00007ffa42100000 - 0x00007ffa42135000 	C:\WINDOWS\SYSTEM32\WINMM.dll
0x00007ffa52050000 - 0x00007ffa520c4000 	C:\WINDOWS\System32\WS2_32.dll
0x00007ffa4ee00000 - 0x00007ffa4ee1b000 	C:\WINDOWS\SYSTEM32\kernel.appcore.dll
0x00007ffa42190000 - 0x00007ffa4219a000 	C:\Program Files\Java\jdk-17\bin\jimage.dll
0x00007ffa4d9f0000 - 0x00007ffa4dc32000 	C:\WINDOWS\SYSTEM32\DBGHELP.DLL
0x00007ffa50cf0000 - 0x00007ffa51075000 	C:\WINDOWS\System32\combase.dll
0x00007ffa51db0000 - 0x00007ffa51e86000 	C:\WINDOWS\System32\OLEAUT32.dll
0x00007ffa4ad70000 - 0x00007ffa4adac000 	C:\WINDOWS\SYSTEM32\dbgcore.DLL
0x00007ffa507b0000 - 0x00007ffa50855000 	C:\WINDOWS\System32\bcryptPrimitives.dll
0x00007ffa37760000 - 0x00007ffa3776e000 	C:\Program Files\Java\jdk-17\bin\instrument.dll
0x00007ffa2eb50000 - 0x00007ffa2eb75000 	C:\Program Files\Java\jdk-17\bin\java.dll
0x00007ff9fe410000 - 0x00007ff9fe4e7000 	C:\Program Files\Java\jdk-17\bin\jsvml.dll
0x00007ffa52600000 - 0x00007ffa52d53000 	C:\WINDOWS\System32\SHELL32.dll
0x00007ffa50a20000 - 0x00007ffa50b8a000 	C:\WINDOWS\System32\wintypes.dll
0x00007ffa4dc40000 - 0x00007ffa4e49e000 	C:\WINDOWS\SYSTEM32\windows.storage.dll
0x00007ffa515e0000 - 0x00007ffa516d5000 	C:\WINDOWS\System32\SHCORE.dll
0x00007ffa518e0000 - 0x00007ffa51946000 	C:\WINDOWS\System32\shlwapi.dll
0x00007ffa4ffb0000 - 0x00007ffa4ffd9000 	C:\WINDOWS\SYSTEM32\profapi.dll
0x00007ffa261a0000 - 0x00007ffa261b8000 	C:\Program Files\Java\jdk-17\bin\zip.dll
0x00007ffa2c700000 - 0x00007ffa2c719000 	C:\Program Files\Java\jdk-17\bin\net.dll
0x00007ffa42e30000 - 0x00007ffa42f58000 	C:\WINDOWS\SYSTEM32\WINHTTP.dll
0x00007ffa4f350000 - 0x00007ffa4f3bb000 	C:\WINDOWS\system32\mswsock.dll
0x00007ffa2c6e0000 - 0x00007ffa2c6f6000 	C:\Program Files\Java\jdk-17\bin\nio.dll
0x00007ffa3b440000 - 0x00007ffa3b450000 	C:\Program Files\Java\jdk-17\bin\verify.dll
0x00007ffa2eb90000 - 0x00007ffa2ebb7000 	D:\.gradle\native\1def1411415f61bf3af743bc5b6707747c0891f09f0c88961ee8f79bc544acac\windows-amd64\native-platform.dll
0x00007ff9f7ab0000 - 0x00007ff9f7b28000 	D:\.gradle\native\0.2.7\x86_64-windows-gnu\gradle-fileevents.dll
0x00007ffa3aca0000 - 0x00007ffa3acaa000 	C:\Program Files\Java\jdk-17\bin\management.dll
0x00007ffa3a8f0000 - 0x00007ffa3a8fb000 	C:\Program Files\Java\jdk-17\bin\management_ext.dll
0x00007ffa4e7f0000 - 0x00007ffa4e824000 	C:\WINDOWS\SYSTEM32\IPHLPAPI.DLL
0x00007ffa51e90000 - 0x00007ffa51e9a000 	C:\WINDOWS\System32\NSI.dll
0x00007ffa46730000 - 0x00007ffa4674e000 	C:\WINDOWS\SYSTEM32\dhcpcsvc6.DLL
0x00007ffa46700000 - 0x00007ffa46723000 	C:\WINDOWS\SYSTEM32\dhcpcsvc.DLL
0x00007ffa4e880000 - 0x00007ffa4e9ac000 	C:\WINDOWS\SYSTEM32\DNSAPI.dll
0x00007ffa4f740000 - 0x00007ffa4f75b000 	C:\WINDOWS\SYSTEM32\CRYPTSP.dll
0x00007ffa4ed60000 - 0x00007ffa4ed9a000 	C:\WINDOWS\system32\rsaenh.dll
0x00007ffa4f400000 - 0x00007ffa4f42b000 	C:\WINDOWS\SYSTEM32\USERENV.dll
0x00007ffa4ff80000 - 0x00007ffa4ffaa000 	C:\WINDOWS\SYSTEM32\bcrypt.dll
0x00007ffa4f5a0000 - 0x00007ffa4f5ac000 	C:\WINDOWS\SYSTEM32\CRYPTBASE.dll
0x00007ffa37220000 - 0x00007ffa3722e000 	C:\Program Files\Java\jdk-17\bin\sunmscapi.dll
0x00007ffa50600000 - 0x00007ffa50777000 	C:\WINDOWS\System32\CRYPT32.dll
0x00007ffa4f890000 - 0x00007ffa4f8c0000 	C:\WINDOWS\SYSTEM32\ncrypt.dll
0x00007ffa4f840000 - 0x00007ffa4f87f000 	C:\WINDOWS\SYSTEM32\NTASN1.dll
0x00007ffa178c0000 - 0x00007ffa178c8000 	C:\WINDOWS\system32\wshunix.dll
0x00007ffa3ecd0000 - 0x00007ffa3ecdb000 	C:\Windows\System32\rasadhlp.dll
0x00007ffa3f5b0000 - 0x00007ffa3f636000 	C:\WINDOWS\System32\fwpuclnt.dll

dbghelp: loaded successfully - version: 4.0.5 - missing functions: none
symbol engine: initialized successfully - sym options: 0x614 - pdb path: .;C:\Program Files\Java\jdk-17\bin;C:\WINDOWS\SYSTEM32;C:\WINDOWS\WinSxS\amd64_microsoft.windows.common-controls_6595b64144ccf1df_6.0.26100.7309_none_3e05feeae336a044;C:\Program Files\Java\jdk-17\bin\server;D:\.gradle\native\1def1411415f61bf3af743bc5b6707747c0891f09f0c88961ee8f79bc544acac\windows-amd64;D:\.gradle\native\0.2.7\x86_64-windows-gnu

VM Arguments:
jvm_args: --add-opens=java.base/java.lang=ALL-UNNAMED --add-opens=java.base/java.lang.invoke=ALL-UNNAMED --add-opens=java.base/java.util=ALL-UNNAMED --add-opens=java.prefs/java.util.prefs=ALL-UNNAMED --add-exports=jdk.compiler/com.sun.tools.javac.api=ALL-UNNAMED --add-exports=jdk.compiler/com.sun.tools.javac.util=ALL-UNNAMED --add-opens=java.base/java.util=ALL-UNNAMED --add-opens=java.prefs/java.util.prefs=ALL-UNNAMED --add-opens=java.base/java.nio.charset=ALL-UNNAMED --add-opens=java.base/java.net=ALL-UNNAMED --add-opens=java.base/java.util.concurrent.atomic=ALL-UNNAMED --add-opens=java.xml/javax.xml.namespace=ALL-UNNAMED -XX:MaxMetaspaceSize=512m -Xmx2048m -Dfile.encoding=windows-1252 -Duser.country=US -Duser.language=en -Duser.variant -javaagent:D:\.gradle\wrapper\dists\gradle-8.13-bin\5xuhj0ry160q40clulazy9h7d\gradle-8.13\lib\agents\gradle-instrumentation-agent-8.13.jar 
java_command: org.gradle.launcher.daemon.bootstrap.GradleDaemon 8.13
java_class_path (initial): D:\.gradle\wrapper\dists\gradle-8.13-bin\5xuhj0ry160q40clulazy9h7d\gradle-8.13\lib\gradle-daemon-main-8.13.jar
Launcher Type: SUN_STANDARD

[Global flags]
     intx CICompilerCount                          = 4                                         {product} {ergonomic}
   size_t CompressedClassSpaceSize                 = 436207616                                 {product} {ergonomic}
     uint ConcGCThreads                            = 2                                         {product} {ergonomic}
     uint G1ConcRefinementThreads                  = 8                                         {product} {ergonomic}
   size_t G1HeapRegionSize                         = 1048576                                   {product} {ergonomic}
    uintx GCDrainStackTargetSize                   = 64                                        {product} {ergonomic}
   size_t InitialHeapSize                          = 134217728                                 {product} {ergonomic}
   size_t MarkStackSize                            = 4194304                                   {product} {ergonomic}
   size_t MaxHeapSize                              = 2147483648                                {product} {command line}
   size_t MaxMetaspaceSize                         = 536870912                                 {product} {command line}
   size_t MaxNewSize                               = 1287651328                                {product} {ergonomic}
   size_t MinHeapDeltaBytes                        = 1048576                                   {product} {ergonomic}
   size_t MinHeapSize                              = 8388608                                   {product} {ergonomic}
    uintx NonNMethodCodeHeapSize                   = 5839372                                {pd product} {ergonomic}
    uintx NonProfiledCodeHeapSize                  = 122909434                              {pd product} {ergonomic}
    uintx ProfiledCodeHeapSize                     = 122909434                              {pd product} {ergonomic}
    uintx ReservedCodeCacheSize                    = 251658240                              {pd product} {ergonomic}
     bool SegmentedCodeCache                       = true                                      {product} {ergonomic}
   size_t SoftMaxHeapSize                          = 2147483648                             {manageable} {ergonomic}
     bool UseCompressedClassPointers               = true                           {product lp64_product} {ergonomic}
     bool UseCompressedOops                        = true                           {product lp64_product} {ergonomic}
     bool UseG1GC                                  = true                                      {product} {ergonomic}
     bool UseLargePagesIndividualAllocation        = false                                  {pd product} {ergonomic}

Logging:
Log output configuration:
 #0: stdout all=warning uptime,level,tags
 #1: stderr all=off uptime,level,tags

Environment Variables:
CLASSPATH=C:\Users\USER\MiFedha1a14\android\\gradle\wrapper\gradle-wrapper.jar
PATH=C:\Program Files\Common Files\Oracle\Java\javapath;C:\Python313\Scripts\;C:\Python313\;C:\WINDOWS\system32;C:\WINDOWS;C:\WINDOWS\System32\Wbem;C:\WINDOWS\System32\WindowsPowerShell\v1.0\;C:\WINDOWS\System32\OpenSSH\;C:\Program Files\nodejs\;C:\ProgramData\chocolatey\bin;C:\Program Files\Intel\WiFi\bin\;C:\Program Files\Common Files\Intel\WirelessCommon\;C:\Program Files\Git\cmd;adb devices;C:\Users\USER\AppData\Local\Android\Sdk\platform-tools;C:\Users\USER\AppData\Local\Android\Sdk\emulator;C:\Users\USER\AppData\Local\Android\Sdk\tools;C:\Users\USER\AppData\Local\Android\Sdk\tools\bin;C:\Program Files\Amazon\AWSCLIV2\;C:\Users\USER\AppData\Local\Microsoft\WindowsApps;C:\Users\USER\AppData\Roaming\npm;C:\Users\USER\AppData\Local\Programs\Microsoft VS Code\bin;C:\Users\USER\AppData\Local\Android\Sdk\platform-tools;
USERNAME=USER
OS=Windows_NT
PROCESSOR_IDENTIFIER=Intel64 Family 6 Model 142 Stepping 10, GenuineIntel



---------------  S Y S T E M  ---------------

OS:
 Windows 11 , 64 bit Build 26100 (10.0.26100.7309)
OS uptime: 29 days 21:41 hours
Hyper-V role detected

CPU: total 8 (initial active 8) (4 cores per cpu, 2 threads per core) family 6 model 142 stepping 10 microcode 0xf6, cx8, cmov, fxsr, ht, mmx, 3dnowpref, sse, sse2, sse3, ssse3, sse4.1, sse4.2, popcnt, lzcnt, tsc, tscinvbit, avx, avx2, aes, erms, clmul, bmi1, bmi2, rtm, adx, fma, vzeroupper, clflush, clflushopt, hv

Memory: 4k page, system-wide physical 8066M (1126M free)
TotalPageFile size 17547M (AvailPageFile size 51M)
current process WorkingSet (physical memory assigned to process): 497M, peak: 624M
current process commit charge ("private bytes"): 627M, peak: 710M

vm_info: Java HotSpot(TM) 64-Bit Server VM (17.0.12+8-LTS-286) for windows-amd64 JRE (17.0.12+8-LTS-286), built on Jun  5 2024 06:46:59 by "mach5one" with MS VC++ 17.6 (VS2022)

END.
